Component: ARM Compiler 5.06 update 7 (build 960) Tool: armlink [4d3601]

==============================================================================

Section Cross References

    main.o(i.EnableDecoder) refers to stm32f1xx_hal_gpio.o(i.HAL_GPIO_WritePin) for HAL_GPIO_WritePin
    main.o(i.Front) refers to max7219.o(i.max7219_send) for max7219_send
    main.o(i.Front) refers to stm32f1xx_hal.o(i.HAL_Delay) for HAL_Delay
    main.o(i.Front) refers to max7219.o(i.max7219_clear) for max7219_clear
    main.o(i.Front) refers to max7219.o(i.max7219_send_8) for max7219_send_8
    main.o(i.Front) refers to main.o(.data) for .data
    main.o(i.HAL_GPIO_EXTI_Callback) refers to main.o(.data) for .data
    main.o(i.HAL_TIM_PeriodElapsedCallback) refers to stm32f1xx_hal.o(i.HAL_SuspendTick) for HAL_SuspendTick
    main.o(i.HAL_TIM_PeriodElapsedCallback) refers to stm32f1xx_hal_pwr.o(i.HAL_PWR_EnterSLEEPMode) for HAL_PWR_EnterSLEEPMode
    main.o(i.HAL_TIM_PeriodElapsedCallback) refers to stm32f1xx_hal.o(i.HAL_ResumeTick) for HAL_ResumeTick
    main.o(i.HAL_TIM_PeriodElapsedCallback) refers to main.o(.data) for .data
    main.o(i.MX_GPIO_Init) refers to stm32f1xx_hal_gpio.o(i.HAL_GPIO_WritePin) for HAL_GPIO_WritePin
    main.o(i.MX_GPIO_Init) refers to stm32f1xx_hal_gpio.o(i.HAL_GPIO_Init) for HAL_GPIO_Init
    main.o(i.MX_GPIO_Init) refers to stm32f1xx_hal_cortex.o(i.HAL_NVIC_SetPriority) for HAL_NVIC_SetPriority
    main.o(i.MX_GPIO_Init) refers to stm32f1xx_hal_cortex.o(i.HAL_NVIC_EnableIRQ) for HAL_NVIC_EnableIRQ
    main.o(i.MX_SPI1_Init) refers to stm32f1xx_hal_spi.o(i.HAL_SPI_Init) for HAL_SPI_Init
    main.o(i.MX_SPI1_Init) refers to main.o(.bss) for .bss
    main.o(i.ResetBit) refers to stm32f1xx_hal_gpio.o(i.HAL_GPIO_WritePin) for HAL_GPIO_WritePin
    main.o(i.ShowUserFrame) refers to rt_memclr_w.o(.text) for __aeabi_memclr4
    main.o(i.ShowUserFrame) refers to flashprom.o(i.read_all_data_in_flash) for read_all_data_in_flash
    main.o(i.ShowUserFrame) refers to main.o(i.ResetBit) for ResetBit
    main.o(i.ShowUserFrame) refers to main.o(i.EnableDecoder) for EnableDecoder
    main.o(i.ShowUserFrame) refers to stm32f1xx_hal_spi.o(i.HAL_SPI_Transmit) for HAL_SPI_Transmit
    main.o(i.ShowUserFrame) refers to stm32f1xx_hal.o(i.HAL_Delay) for HAL_Delay
    main.o(i.ShowUserFrame) refers to main.o(.data) for .data
    main.o(i.ShowUserFrame) refers to main.o(.bss) for .bss
    main.o(i.SystemClock_Config) refers to rt_memclr_w.o(.text) for __aeabi_memclr4
    main.o(i.SystemClock_Config) refers to stm32f1xx_hal_rcc.o(i.HAL_RCC_OscConfig) for HAL_RCC_OscConfig
    main.o(i.SystemClock_Config) refers to stm32f1xx_hal_rcc.o(i.HAL_RCC_ClockConfig) for HAL_RCC_ClockConfig
    main.o(i.SystemClock_Config) refers to stm32f1xx_hal_rcc_ex.o(i.HAL_RCCEx_PeriphCLKConfig) for HAL_RCCEx_PeriphCLKConfig
    main.o(i.WriteUserFrame) refers to flashprom.o(i.write_to_flash) for write_to_flash
    main.o(i.WriteUserFrame) refers to main.o(.data) for .data
    main.o(i.WriteUserFrame) refers to main.o(.bss) for .bss
    main.o(i.dogdik) refers to max7219.o(i.max7219_send_to_all) for max7219_send_to_all
    main.o(i.dogdik) refers to stm32f1xx_hal.o(i.HAL_Delay) for HAL_Delay
    main.o(i.dogdik) refers to max7219.o(i.max7219_clear) for max7219_clear
    main.o(i.dogdik) refers to max7219.o(i.max7219_send_8) for max7219_send_8
    main.o(i.dogdik) refers to main.o(.data) for .data
    main.o(i.main) refers to stm32f1xx_hal.o(i.HAL_Init) for HAL_Init
    main.o(i.main) refers to main.o(i.SystemClock_Config) for SystemClock_Config
    main.o(i.main) refers to stm32f1xx_hal_crc.o(i.HAL_CRC_Init) for HAL_CRC_Init
    main.o(i.main) refers to main.o(i.MX_GPIO_Init) for MX_GPIO_Init
    main.o(i.main) refers to usb_device.o(i.MX_USB_DEVICE_Init) for MX_USB_DEVICE_Init
    main.o(i.main) refers to main.o(i.MX_SPI1_Init) for MX_SPI1_Init
    main.o(i.main) refers to rt_memcpy_w.o(.text) for __aeabi_memcpy4
    main.o(i.main) refers to flashprom.o(i.flash_search_adress) for flash_search_adress
    main.o(i.main) refers to max7219.o(i.max7219_init) for max7219_init
    main.o(i.main) refers to stm32f1xx_hal.o(i.HAL_Delay) for HAL_Delay
    main.o(i.main) refers to main.o(i.WriteUserFrame) for WriteUserFrame
    main.o(i.main) refers to main.o(.data) for .data
    main.o(i.main) refers to main.o(.constdata) for .constdata
    main.o(i.serdechko_wniz) refers to max7219.o(i.max7219_send_to_all) for max7219_send_to_all
    main.o(i.serdechko_wniz) refers to stm32f1xx_hal.o(i.HAL_Delay) for HAL_Delay
    main.o(i.serdechko_wniz) refers to max7219.o(i.max7219_clear) for max7219_clear
    main.o(i.serdechko_wniz) refers to max7219.o(i.max7219_send_8) for max7219_send_8
    main.o(i.serdechko_wniz) refers to main.o(.data) for .data
    main.o(i.serdechkobienie) refers to max7219.o(i.max7219_send_to_all) for max7219_send_to_all
    main.o(i.serdechkobienie) refers to stm32f1xx_hal.o(i.HAL_Delay) for HAL_Delay
[...]
    USBD_Get_USB_Status                      0x08003041   Thumb Code    36  usbd_conf.o(i.USBD_Get_USB_Status)
    i.USBD_Init                              0x08003064   Section        0  usbd_core.o(i.USBD_Init)
    i.USBD_LL_ClearStallEP                   0x08003090   Section        0  usbd_conf.o(i.USBD_LL_ClearStallEP)
    i.USBD_LL_CloseEP                        0x080030a2   Section        0  usbd_conf.o(i.USBD_LL_CloseEP)
    i.USBD_LL_DataInStage                    0x080030b4   Section        0  usbd_core.o(i.USBD_LL_DataInStage)
    i.USBD_LL_DataOutStage                   0x0800318a   Section        0  usbd_core.o(i.USBD_LL_DataOutStage)
    i.USBD_LL_GetRxDataSize                  0x08003214   Section        0  usbd_conf.o(i.USBD_LL_GetRxDataSize)
    i.USBD_LL_Init                           0x0800321c   Section        0  usbd_conf.o(i.USBD_LL_Init)
    i.USBD_LL_IsStallEP                      0x080032a0   Section        0  usbd_conf.o(i.USBD_LL_IsStallEP)
    i.USBD_LL_OpenEP                         0x080032c2   Section        0  usbd_conf.o(i.USBD_LL_OpenEP)
    i.USBD_LL_PrepareReceive                 0x080032da   Section        0  usbd_conf.o(i.USBD_LL_PrepareReceive)
    i.USBD_LL_Reset                          0x080032ec   Section        0  usbd_core.o(i.USBD_LL_Reset)
    i.USBD_LL_Resume                         0x0800333e   Section        0  usbd_core.o(i.USBD_LL_Resume)
    i.USBD_LL_SOF                            0x08003352   Section        0  usbd_core.o(i.USBD_LL_SOF)
    i.USBD_LL_SetSpeed                       0x0800336a   Section        0  usbd_core.o(i.USBD_LL_SetSpeed)
    i.USBD_LL_SetUSBAddress                  0x08003370   Section        0  usbd_conf.o(i.USBD_LL_SetUSBAddress)
    i.USBD_LL_SetupStage                     0x08003382   Section        0  usbd_core.o(i.USBD_LL_SetupStage)
    i.USBD_LL_StallEP                        0x080033e0   Section        0  usbd_conf.o(i.USBD_LL_StallEP)
    i.USBD_LL_Start                          0x080033f2   Section        0  usbd_conf.o(i.USBD_LL_Start)
    i.USBD_LL_Suspend                        0x08003404   Section        0  usbd_core.o(i.USBD_LL_Suspend)
    i.USBD_LL_Transmit                       0x08003416   Section        0  usbd_conf.o(i.USBD_LL_Transmit)
    i.USBD_ParseSetupRequest                 0x08003428   Section        0  usbd_ctlreq.o(i.USBD_ParseSetupRequest)
    i.USBD_RegisterClass                     0x08003450   Section        0  usbd_core.o(i.USBD_RegisterClass)
    i.USBD_RunTestMode                       0x08003462   Section        0  usbd_core.o(i.USBD_RunTestMode)
    i.USBD_SetAddress                        0x08003466   Section        0  usbd_ctlreq.o(i.USBD_SetAddress)
    USBD_SetAddress                          0x08003467   Thumb Code    88  usbd_ctlreq.o(i.USBD_SetAddress)
    i.USBD_SetClassConfig                    0x080034be   Section        0  usbd_core.o(i.USBD_SetClassConfig)
    i.USBD_SetConfig                         0x080034d8   Section        0  usbd_ctlreq.o(i.USBD_SetConfig)
    USBD_SetConfig                           0x080034d9   Thumb Code   198  usbd_ctlreq.o(i.USBD_SetConfig)
    i.USBD_SetFeature                        0x080035a4   Section        0  usbd_ctlreq.o(i.USBD_SetFeature)
    USBD_SetFeature                          0x080035a5   Thumb Code    16  usbd_ctlreq.o(i.USBD_SetFeature)
    i.USBD_Start                             0x080035b4   Section        0  usbd_core.o(i.USBD_Start)
    i.USBD_StdDevReq                         0x080035be   Section        0  usbd_ctlreq.o(i.USBD_StdDevReq)
    i.USBD_StdEPReq                          0x0800363e   Section        0  usbd_ctlreq.o(i.USBD_StdEPReq)
    i.USBD_StdItfReq                         0x0800382e   Section        0  usbd_ctlreq.o(i.USBD_StdItfReq)
    i.USBD_static_free                       0x08003898   Section        0  usbd_conf.o(i.USBD_static_free)
    i.USBD_static_malloc                     0x0800389c   Section        0  usbd_conf.o(i.USBD_static_malloc)
    i.USBWakeUp_IRQHandler                   0x080038a4   Section        0  stm32f1xx_it.o(i.USBWakeUp_IRQHandler)
    i.USB_ActivateEndpoint                   0x080038d0   Section        0  stm32f1xx_ll_usb.o(i.USB_ActivateEndpoint)
    i.USB_CoreInit                           0x08003b28   Section        0  stm32f1xx_ll_usb.o(i.USB_CoreInit)
    i.USB_DeactivateEndpoint                 0x08003b2c   Section        0  stm32f1xx_ll_usb.o(i.USB_DeactivateEndpoint)
    i.USB_DevConnect                         0x08003c3a   Section        0  stm32f1xx_ll_usb.o(i.USB_DevConnect)
    i.USB_DevDisconnect                      0x08003c3e   Section        0  stm32f1xx_ll_usb.o(i.USB_DevDisconnect)
    i.USB_DevInit                            0x08003c42   Section        0  stm32f1xx_ll_usb.o(i.USB_DevInit)
    i.USB_DisableGlobalInt                   0x08003c54   Section        0  stm32f1xx_ll_usb.o(i.USB_DisableGlobalInt)
    i.USB_EP0_OutStart                       0x08003c62   Section        0  stm32f1xx_ll_usb.o(i.USB_EP0_OutStart)
    i.USB_EPClearStall                       0x08003c66   Section        0  stm32f1xx_ll_usb.o(i.USB_EPClearStall)
    i.USB_EPSetStall                         0x08003cde   Section        0  stm32f1xx_ll_usb.o(i.USB_EPSetStall)
    i.USB_EPStartXfer                        0x08003d10   Section        0  stm32f1xx_ll_usb.o(i.USB_EPStartXfer)
    i.USB_EnableGlobalInt                    0x0800431c   Section        0  stm32f1xx_ll_usb.o(i.USB_EnableGlobalInt)
    i.USB_HP_CAN1_TX_IRQHandler              0x08004330   Section        0  stm32f1xx_it.o(i.USB_HP_CAN1_TX_IRQHandler)
    i.USB_LP_CAN1_RX0_IRQHandler             0x0800433c   Section        0  stm32f1xx_it.o(i.USB_LP_CAN1_RX0_IRQHandler)
    i.USB_ReadInterrupts                     0x08004348   Section        0  stm32f1xx_ll_usb.o(i.USB_ReadInterrupts)
    i.USB_ReadPMA                            0x08004350   Section        0  stm32f1xx_ll_usb.o(i.USB_ReadPMA)
    i.USB_SetCurrentMode                     0x0800437c   Section        0  stm32f1xx_ll_usb.o(i.USB_SetCurrentMode)
    i.USB_SetDevAddress                      0x08004380   Section        0  stm32f1xx_ll_usb.o(i.USB_SetDevAddress)
    i.USB_WritePMA                           0x0800438c   Section        0  stm32f1xx_ll_usb.o(i.USB_WritePMA)
    i.UsageFault_Handler                     0x080043b2   Section        0  stm32f1xx_it.o(i.UsageFault_Handler)
    i.WriteUserFrame                         0x080043b4   Section        0  main.o(i.WriteUserFrame)
    i.__NVIC_SetPriority                     0x080043f4   Section        0  stm32f1xx_hal_cortex.o(i.__NVIC_SetPriority)
    __NVIC_SetPriority                       0x080043f5   Thumb Code    32  stm32f1xx_hal_cortex.o(i.__NVIC_SetPriority)
    i.dogdik                                 0x08004414   Section        0  main.o(i.dogdik)
    i.erase_flash                            0x080044a4   Section        0  flashprom.o(i.erase_flash)
    i.flash_search_adress                    0x08004518   Section        0  flashprom.o(i.flash_search_adress)
    i.main                                   0x08004560   Section        0  main.o(i.main)
    i.max7219_clear                          0x080045d0   Section        0  max7219.o(i.max7219_clear)
    i.max7219_init                           0x080045e8   Section        0  max7219.o(i.max7219_init)
    i.max7219_send_8                         0x080046e4   Section        0  max7219.o(i.max7219_send_8)
    i.max7219_send_to_all                    0x080046fc   Section        0  max7219.o(i.max7219_send_to_all)
    i.max7219_set_brightness                 0x08004730   Section        0  max7219.o(i.max7219_set_brightness)
    i.read_last_data_in_flash                0x08004740   Section        0  flashprom.o(i.read_last_data_in_flash)
    i.serdechko_wniz                         0x08004784   Section        0  main.o(i.serdechko_wniz)
    i.serdechkobienie                        0x08004808   Section        0  main.o(i.serdechkobienie)
    i.smiley_face                            0x0800488c   Section        0  main.o(i.smiley_face)
    i.write_to_flash                         0x0800490c   Section        0  flashprom.o(i.write_to_flash)
    i.zapolnenie_serdechka                   0x08004a44   Section        0  main.o(i.zapolnenie_serdechka)
    .constdata                               0x08004adc   Section       28  main.o(.constdata)
    .constdata                               0x08004af8   Section       16  system_stm32f1xx.o(.constdata)
    .data                                    0x20000000   Section     2520  main.o(.data)
    .data                                    0x200009d8   Section       12  stm32f1xx_hal.o(.data)
    .data                                    0x200009e4   Section        4  system_stm32f1xx.o(.data)
    .data                                    0x200009e8   Section       28  usbd_desc.o(.data)
    .data                                    0x20000a04   Section       50  usbd_desc.o(.data)
    .data                                    0x20000a38   Section       16  usbd_cdc_if.o(.data)
    .data                                    0x20000a48   Section        1  usbd_ctlreq.o(.data)
    cfgidx                                   0x20000a48   Data           1  usbd_ctlreq.o(.data)
    .data                                    0x20000a4c   Section      215  usbd_cdc.o(.data)
    USBD_CDC_DeviceQualifierDesc             0x20000a4c   Data          10  usbd_cdc.o(.data)
    .data                                    0x20000b24   Section       56  usbd_cdc.o(.data)
    .bss                                     0x20000b5c   Section       33  main.o(.bss)
    .bss                                     0x20000b80   Section      124  main.o(.bss)
    .bss                                     0x20000bfc   Section       50  main.o(.bss)
    .bss                                     0x20000c30   Section       72  main.o(.bss)
    .bss                                     0x20000c78   Section       16  flashprom.o(.bss)
    EraseInitStruct                          0x20000c78   Data          16  flashprom.o(.bss)
    .bss                                     0x20000c88   Section       32  stm32f1xx_hal_flash.o(.bss)
    .bss                                     0x20000ca8   Section      708  usb_device.o(.bss)
    .bss                                     0x20000f6c   Section      512  usbd_desc.o(.bss)
    .bss                                     0x2000116c   Section     2000  usbd_cdc_if.o(.bss)
    .bss                                     0x2000193c   Section     1292  usbd_conf.o(.bss)
    mem                                      0x2000193c   Data         544  usbd_conf.o(.bss)
    .bss                                     0x20001e48   Section       96  libspace.o(.bss)
    HEAP                                     0x20001ea8   Section      512  startup_stm32f103xb.o(HEAP)
    Heap_Mem                                 0x20001ea8   Data         512  startup_stm32f103xb.o(HEAP)
    STACK                                    0x200020a8   Section     1024  startup_stm32f103xb.o(STACK)
    Stack_Mem                                0x200020a8   Data        1024  startup_stm32f103xb.o(STACK)
    __initial_sp                             0x200024a8   Data           0  startup_stm32f103xb.o(STACK)

    Global Symbols

    Symbol Name                              Value     Ov Type        Size  Object(Section)

    BuildAttributes$$THM_ISAv4$P$D$K$B$S$PE$A:L22UL41UL21$X:L11$S22US41US21$IEEE1$IW$USESV6$~STKCKD$USESV7$~SHL$OTIME$ROPI$EBA8$UX$STANDARDLIB$REQ8$PRES8$EABIv2 0x00000000   Number         0  anon$$obj.o ABSOLUTE
    __ARM_use_no_argv                        0x00000000   Number         0  main.o ABSOLUTE
    _printf_flags                            0x00000000   Number         0  printf_stubs.o ABSOLUTE
    _printf_return_value                     0x00000000   Number         0  printf_stubs.o ABSOLUTE
    _printf_sizespec                         0x00000000   Number         0  printf_stubs.o ABSOLUTE
    _printf_widthprec                        0x00000000   Number         0  printf_stubs.o ABSOLUTE
    __ARM_exceptions_init                     - Undefined Weak Reference
    __alloca_initialize                       - Undefined Weak Reference
    __arm_fini_                               - Undefined Weak Reference
    __arm_preinit_                            - Undefined Weak Reference
    __cpp_initialize__aeabi_                  - Undefined Weak Reference
    __cxa_finalize                            - Undefined Weak Reference
    __rt_locale                               - Undefined Weak Reference
    __sigvec_lookup                           - Undefined Weak Reference
    _atexit_init                              - Undefined Weak Reference
    _call_atexit_fns                          - Undefined Weak Reference
    _clock_init                               - Undefined Weak Reference
    _fp_trap_init                             - Undefined Weak Reference
    _fp_trap_shutdown                         - Undefined Weak Reference
    _get_lc_collate                           - Undefined Weak Reference
    _get_lc_ctype                             - Undefined Weak Reference
    _get_lc_monetary                          - Undefined Weak Reference
    _get_lc_numeric                           - Undefined Weak Reference
    _get_lc_time                              - Undefined Weak Reference
    _getenv_init                              - Undefined Weak Reference
    _handle_redirection                       - Undefined Weak Reference
    _init_alloc                               - Undefined Weak Reference
    _init_user_alloc                          - Undefined Weak Reference
    _initio                                   - Undefined Weak Reference
    _printf_post_padding                      - Undefined Weak Reference
    _printf_pre_padding                       - Undefined Weak Reference
    _printf_truncate_signed                   - Undefined Weak Reference
    _printf_truncate_unsigned                 - Undefined Weak Reference
    _rand_init                                - Undefined Weak Reference
    _signal_finish                            - Undefined Weak Reference
    _signal_init                              - Undefined Weak Reference
    _terminate_alloc                          - Undefined Weak Reference
    _terminate_user_alloc                     - Undefined Weak Reference
    _terminateio                              - Undefined Weak Reference
    __Vectors_Size                           0x000000ec   Number         0  startup_stm32f103xb.o ABSOLUTE
    __Vectors                                0x08000000   Data           4  startup_stm32f103xb.o(RESET)
    __Vectors_End                            0x080000ec   Data           0  startup_stm32f103xb.o(RESET)
    __main                                   0x080000ed   Thumb Code     8  __main.o(!!!main)
    __scatterload                            0x080000f5   Thumb Code     0  __scatter.o(!!!scatter)
    __scatterload_rt2                        0x080000f5   Thumb Code    44  __scatter.o(!!!scatter)
    __scatterload_rt2_thumb_only             0x080000f5   Thumb Code     0  __scatter.o(!!!scatter)
    __scatterload_null                       0x08000103   Thumb Code     0  __scatter.o(!!!scatter)
    __decompress                             0x08000129   Thumb Code   100  __dclz77c.o(!!dclz77c)
    __decompress2                            0x08000129   Thumb Code     0  __dclz77c.o(!!dclz77c)
    __scatterload_zeroinit                   0x0800018d   Thumb Code    28  __scatter_zi.o(!!handler_zi)
    _printf_percent                          0x080001a9   Thumb Code     0  _printf_percent.o(.ARM.Collect$$_printf_percent$$00000000)
    _printf_u                                0x080001a9   Thumb Code     0  _printf_u.o(.ARM.Collect$$_printf_percent$$0000000A)
    _printf_percent_end                      0x080001af   Thumb Code     0  _printf_percent_end.o(.ARM.Collect$$_printf_percent$$00000017)
    __rt_lib_init                            0x080001b3   Thumb Code     0  libinit.o(.ARM.Collect$$libinit$$00000000)
    __rt_lib_init_alloca_1                   0x080001b5   Thumb Code     0  libinit2.o(.ARM.Collect$$libinit$$0000002E)
    __rt_lib_init_argv_1                     0x080001b5   Thumb Code     0  libinit2.o(.ARM.Collect$$libinit$$0000002C)
    __rt_lib_init_atexit_1                   0x080001b5   Thumb Code     0  libinit2.o(.ARM.Collect$$libinit$$0000001B)
    __rt_lib_init_clock_1                    0x080001b5   Thumb Code     0  libinit2.o(.ARM.Collect$$libinit$$00000021)
    __rt_lib_init_cpp_1                      0x080001b5   Thumb Code     0  libinit2.o(.ARM.Collect$$libinit$$00000032)
    __rt_lib_init_exceptions_1               0x080001b5   Thumb Code     0  libinit2.o(.ARM.Collect$$libinit$$00000030)
    __rt_lib_init_fp_1                       0x080001b5   Thumb Code     0  libinit2.o(.ARM.Collect$$libinit$$00000002)
    __rt_lib_init_fp_trap_1                  0x080001b5   Thumb Code     0  libinit2.o(.ARM.Collect$$libinit$$0000001F)
    __rt_lib_init_getenv_1                   0x080001b5   Thumb Code     0  libinit2.o(.ARM.Collect$$libinit$$00000023)
    __rt_lib_init_heap_1                     0x080001b5   Thumb Code     0  libinit2.o(.ARM.Collect$$libinit$$0000000A)
    __rt_lib_init_lc_collate_1               0x080001b5   Thumb Code     0  libinit2.o(.ARM.Collect$$libinit$$00000011)
    __rt_lib_init_lc_ctype_1                 0x080001b5   Thumb Code     0  libinit2.o(.ARM.Collect$$libinit$$00000013)
    __rt_lib_init_lc_monetary_1              0x080001b5   Thumb Code     0  libinit2.o(.ARM.Collect$$libinit$$00000015)
    __rt_lib_init_lc_numeric_1               0x080001b5   Thumb Code     0  libinit2.o(.ARM.Collect$$libinit$$00000017)
    __rt_lib_init_lc_time_1                  0x080001b5   Thumb Code     0  libinit2.o(.ARM.Collect$$libinit$$00000019)
    __rt_lib_init_preinit_1                  0x080001b5   Thumb Code     0  libinit2.o(.ARM.Collect$$libinit$$00000004)
    __rt_lib_init_rand_1                     0x080001b5   Thumb Code     0  libinit2.o(.ARM.Collect$$libinit$$0000000E)
    __rt_lib_init_return                     0x080001b5   Thumb Code     0  libinit2.o(.ARM.Collect$$libinit$$00000033)
    __rt_lib_init_signal_1                   0x080001b5   Thumb Code     0  libinit2.o(.ARM.Collect$$libinit$$0000001D)
    __rt_lib_init_stdio_1                    0x080001b5   Thumb Code     0  libinit2.o(.ARM.Collect$$libinit$$00000025)
    __rt_lib_init_user_alloc_1               0x080001b5   Thumb Code     0  libinit2.o(.ARM.Collect$$libinit$$0000000C)
    __rt_lib_shutdown                        0x080001b7   Thumb Code     0  libshutdown.o(.ARM.Collect$$libshutdown$$00000000)
    __rt_lib_shutdown_cpp_1                  0x080001b9   Thumb Code     0  libshutdown2.o(.ARM.Collect$$libshutdown$$00000004)
    __rt_lib_shutdown_fini_1                 0x080001b9   Thumb Code     0  libshutdown2.o(.ARM.Collect$$libshutdown$$00000002)
    __rt_lib_shutdown_fp_trap_1              0x080001b9   Thumb Code     0  libshutdown2.o(.ARM.Collect$$libshutdown$$00000009)
    __rt_lib_shutdown_heap_1                 0x080001b9   Thumb Code     0  libshutdown2.o(.ARM.Collect$$libshutdown$$00000011)
    __rt_lib_shutdown_return                 0x080001b9   Thumb Code     0  libshutdown2.o(.ARM.Collect$$libshutdown$$00000012)
    __rt_lib_shutdown_signal_1               0x080001b9   Thumb Code     0  libshutdown2.o(.ARM.Collect$$libshutdown$$0000000C)
    __rt_lib_shutdown_stdio_1                0x080001b9   Thumb Code     0  libshutdown2.o(.ARM.Collect$$libshutdown$$00000006)
    __rt_lib_shutdown_user_alloc_1           0x080001b9   Thumb Code     0  libshutdown2.o(.ARM.Collect$$libshutdown$$0000000E)
    __rt_entry                               0x080001bb   Thumb Code     0  __rtentry.o(.ARM.Collect$$rtentry$$00000000)
    __rt_entry_presh_1                       0x080001bb   Thumb Code     0  __rtentry2.o(.ARM.Collect$$rtentry$$00000002)
    __rt_entry_sh                            0x080001bb   Thumb Code     0  __rtentry4.o(.ARM.Collect$$rtentry$$00000004)
    __rt_entry_li                            0x080001c1   Thumb Code     0  __rtentry2.o(.ARM.Collect$$rtentry$$0000000A)
    __rt_entry_postsh_1                      0x080001c1   Thumb Code     0  __rtentry2.o(.ARM.Collect$$rtentry$$00000009)
    __rt_entry_main                          0x080001c5   Thumb Code     0  __rtentry2.o(.ARM.Collect$$rtentry$$0000000D)
    __rt_entry_postli_1                      0x080001c5   Thumb Code     0  __rtentry2.o(.ARM.Collect$$rtentry$$0000000C)
    __rt_exit                                0x080001cd   Thumb Code     0  rtexit.o(.ARM.Collect$$rtexit$$00000000)
    __rt_exit_ls                             0x080001cf   Thumb Code     0  rtexit2.o(.ARM.Collect$$rtexit$$00000003)
    __rt_exit_prels_1                        0x080001cf   Thumb Code     0  rtexit2.o(.ARM.Collect$$rtexit$$00000002)
    __rt_exit_exit                           0x080001d3   Thumb Code     0  rtexit2.o(.ARM.Collect$$rtexit$$00000004)
    Reset_Handler                            0x080001d9   Thumb Code     8  startup_stm32f103xb.o(.text)
    ADC1_2_IRQHandler                        0x080001f3   Thumb Code     0  startup_stm32f103xb.o(.text)
    CAN1_RX1_IRQHandler                      0x080001f3   Thumb Code     0  startup_stm32f103xb.o(.text)
    CAN1_SCE_IRQHandler                      0x080001f3   Thumb Code     0  startup_stm32f103xb.o(.text)
    DMA1_Channel1_IRQHandler                 0x080001f3   Thumb Code     0  startup_stm32f103xb.o(.text)
    DMA1_Channel2_IRQHandler                 0x080001f3   Thumb Code     0  startup_stm32f103xb.o(.text)
    DMA1_Channel3_IRQHandler                 0x080001f3   Thumb Code     0  startup_stm32f103xb.o(.text)
    DMA1_Channel4_IRQHandler                 0x080001f3   Thumb Code     0  startup_stm32f103xb.o(.text)
    DMA1_Channel5_IRQHandler                 0x080001f3   Thumb Code     0  startup_stm32f103xb.o(.text)
    DMA1_Channel6_IRQHandler                 0x080001f3   Thumb Code     0  startup_stm32f103xb.o(.text)
    DMA1_Channel7_IRQHandler                 0x080001f3   Thumb Code     0  startup_stm32f103xb.o(.text)
    EXTI0_IRQHandler                         0x080001f3   Thumb Code     0  startup_stm32f103xb.o(.text)
    EXTI15_10_IRQHandler                     0x080001f3   Thumb Code     0  startup_stm32f103xb.o(.text)
    EXTI1_IRQHandler                         0x080001f3   Thumb Code     0  startup_stm32f103xb.o(.text)
    EXTI2_IRQHandler                         0x080001f3   Thumb Code     0  startup_stm32f103xb.o(.text)
    EXTI3_IRQHandler                         0x080001f3   Thumb Code     0  startup_stm32f103xb.o(.text)
    EXTI4_IRQHandler                         0x080001f3   Thumb Code     0  startup_stm32f103xb.o(.text)
    FLASH_IRQHandler                         0x080001f3   Thumb Code     0  startup_stm32f103xb.o(.text)
    I2C1_ER_IRQHandler                       0x080001f3   Thumb Code     0  startup_stm32f103xb.o(.text)
    I2C1_EV_IRQHandler                       0x080001f3   Thumb Code     0  startup_stm32f103xb.o(.text)
    I2C2_ER_IRQHandler                       0x080001f3   Thumb Code     0  startup_stm32f103xb.o(.text)
    I2C2_EV_IRQHandler                       0x080001f3   Thumb Code     0  startup_stm32f103xb.o(.text)
    PVD_IRQHandler                           0x080001f3   Thumb Code     0  startup_stm32f103xb.o(.text)
    RCC_IRQHandler                           0x080001f3   Thumb Code     0  startup_stm32f103xb.o(.text)
    RTC_Alarm_IRQHandler                     0x080001f3   Thumb Code     0  startup_stm32f103xb.o(.text)
    RTC_IRQHandler                           0x080001f3   Thumb Code     0  startup_stm32f103xb.o(.text)
    SPI2_IRQHandler                          0x080001f3   Thumb Code     0  startup_stm32f103xb.o(.text)
    TAMPER_IRQHandler                        0x080001f3   Thumb Code     0  startup_stm32f103xb.o(.text)
    TIM1_BRK_IRQHandler                      0x080001f3   Thumb Code     0  startup_stm32f103xb.o(.text)
    TIM1_CC_IRQHandler                       0x080001f3   Thumb Code     0  startup_stm32f103xb.o(.text)
    TIM1_TRG_COM_IRQHandler                  0x080001f3   Thumb Code     0  startup_stm32f103xb.o(.text)
    TIM2_IRQHandler                          0x080001f3   Thumb Code     0  startup_stm32f103xb.o(.text)
    TIM3_IRQHandler                          0x080001f3   Thumb Code     0  startup_stm32f103xb.o(.text)
    TIM4_IRQHandler                          0x080001f3   Thumb Code     0  startup_stm32f103xb.o(.text)
    USART1_IRQHandler                        0x080001f3   Thumb Code     0  startup_stm32f103xb.o(.text)
    USART2_IRQHandler                        0x080001f3   Thumb Code     0  startup_stm32f103xb.o(.text)
    USART3_IRQHandler                        0x080001f3   Thumb Code     0  startup_stm32f103xb.o(.text)
    WWDG_IRQHandler                          0x080001f3   Thumb Code     0  startup_stm32f103xb.o(.text)
    __user_initial_stackheap                 0x080001f5   Thumb Code     0  startup_stm32f103xb.o(.text)
    __aeabi_llsr                             0x08000219   Thumb Code     0  llushr.o(.text)
    _ll_ushift_r                             0x08000219   Thumb Code    38  llushr.o(.text)
    __2sprintf                               0x08000241   Thumb Code    34  noretval__2sprintf.o(.text)
    __2snprintf                              0x08000269   Thumb Code    48  noretval__2snprintf.o(.text)
    _printf_int_dec                          0x0800029d   Thumb Code   104  _printf_dec.o(.text)
    __printf                                 0x08000315   Thumb Code   184  __printf_ss.o(.text)
    strlen                                   0x080003cd   Thumb Code    62  strlen.o(.text)
    __aeabi_memcpy4                          0x0800040b   Thumb Code     0  rt_memcpy_w.o(.text)
    __aeabi_memcpy8                          0x0800040b   Thumb Code     0  rt_memcpy_w.o(.text)
    __rt_memcpy_w                            0x0800040b   Thumb Code   100  rt_memcpy_w.o(.text)
    _memcpy_lastbytes_aligned                0x08000453   Thumb Code     0  rt_memcpy_w.o(.text)
    __aeabi_memclr4                          0x0800046f   Thumb Code     0  rt_memclr_w.o(.text)
    __aeabi_memclr8                          0x0800046f   Thumb Code     0  rt_memclr_w.o(.text)
    __rt_memclr_w                            0x0800046f   Thumb Code    78  rt_memclr_w.o(.text)
    _memset_w                                0x08000473   Thumb Code     0  rt_memclr_w.o(.text)
    strncpy                                  0x080004bd   Thumb Code    86  strncpy.o(.text)
    __use_two_region_memory                  0x08000513   Thumb Code     2  heapauxi.o(.text)
    __rt_heap_escrow$2region                 0x08000515   Thumb Code     2  heapauxi.o(.text)
    __rt_heap_expand$2region                 0x08000517   Thumb Code     2  heapauxi.o(.text)
    _printf_int_common                       0x08000519   Thumb Code   178  _printf_intcommon.o(.text)
    _printf_char_common                      0x080005d7   Thumb Code    32  _printf_char_common.o(.text)
    _sputc                                   0x080005fd   Thumb Code    10  _sputc.o(.text)
    _snputc                                  0x08000607   Thumb Code    16  _snputc.o(.text)
    __aeabi_memclr                           0x08000617   Thumb Code     0  rt_memclr.o(.text)
    __rt_memclr                              0x08000617   Thumb Code    68  rt_memclr.o(.text)
    _memset                                  0x0800061b   Thumb Code     0  rt_memclr.o(.text)
    __user_setup_stackheap                   0x0800065b   Thumb Code    74  sys_stackheap_outer.o(.text)
    exit                                     0x080006a5   Thumb Code    18  exit.o(.text)
    __user_libspace                          0x080006b9   Thumb Code     8  libspace.o(.text)
    __user_perproc_libspace                  0x080006b9   Thumb Code     0  libspace.o(.text)
    __user_perthread_libspace                0x080006b9   Thumb Code     0  libspace.o(.text)
    _sys_exit                                0x080006c1   Thumb Code     8  sys_exit.o(.text)
    __I$use$semihosting                      0x080006cd   Thumb Code     0  use_no_semi.o(.text)
    __use_no_semihosting_swi                 0x080006cd   Thumb Code     2  use_no_semi.o(.text)
    BusFault_Handler                         0x080006cf   Thumb Code     2  stm32f1xx_it.o(i.BusFault_Handler)
    __semihosting_library_function           0x080006cf   Thumb Code     0  indicate_semi.o(.text)
    CDC_Transmit_FS                          0x0800076d   Thumb Code    40  usbd_cdc_if.o(i.CDC_Transmit_FS)
    DataConverter                            0x08000799   Thumb Code   138  usbd_cdc_if.o(i.DataConverter)
    DebugMon_Handler                         0x0800082d   Thumb Code     2  stm32f1xx_it.o(i.DebugMon_Handler)
    EXTI9_5_IRQHandler                       0x08000831   Thumb Code    44  stm32f1xx_it.o(i.EXTI9_5_IRQHandler)
    Error_Handler                            0x08000861   Thumb Code     4  main.o(i.Error_Handler)
    FLASH_PageErase                          0x08000889   Thumb Code    28  stm32f1xx_hal_flash_ex.o(i.FLASH_PageErase)
    FLASH_WaitForLastOperation               0x08000925   Thumb Code    80  stm32f1xx_hal_flash.o(i.FLASH_WaitForLastOperation)
    HAL_CRC_Calculate                        0x080009b1   Thumb Code    46  stm32f1xx_hal_crc.o(i.HAL_CRC_Calculate)
    HAL_CRC_Init                             0x080009df   Thumb Code    34  stm32f1xx_hal_crc.o(i.HAL_CRC_Init)
    HAL_CRC_MspInit                          0x08000a01   Thumb Code     2  stm32f1xx_hal_crc.o(i.HAL_CRC_MspInit)
    HAL_DMA_Abort_IT                         0x08000a05   Thumb Code   148  stm32f1xx_hal_dma.o(i.HAL_DMA_Abort_IT)
    HAL_Delay                                0x08000a9d   Thumb Code    32  stm32f1xx_hal.o(i.HAL_Delay)
    HAL_FLASHEx_Erase                        0x08000ac1   Thumb Code   160  stm32f1xx_hal_flash_ex.o(i.HAL_FLASHEx_Erase)
    HAL_FLASH_GetError                       0x08000b69   Thumb Code     6  stm32f1xx_hal_flash.o(i.HAL_FLASH_GetError)
    HAL_FLASH_Lock                           0x08000b75   Thumb Code    14  stm32f1xx_hal_flash.o(i.HAL_FLASH_Lock)
    HAL_FLASH_Program                        0x08000b89   Thumb Code   120  stm32f1xx_hal_flash.o(i.HAL_FLASH_Program)
    HAL_FLASH_Unlock                         0x08000c09   Thumb Code    28  stm32f1xx_hal_flash.o(i.HAL_FLASH_Unlock)
    HAL_GPIO_EXTI_Callback                   0x08000c31   Thumb Code    50  main.o(i.HAL_GPIO_EXTI_Callback)
    HAL_GPIO_EXTI_IRQHandler                 0x08000c69   Thumb Code    18  stm32f1xx_hal_gpio.o(i.HAL_GPIO_EXTI_IRQHandler)
    HAL_GPIO_Init                            0x08000c81   Thumb Code   446  stm32f1xx_hal_gpio.o(i.HAL_GPIO_Init)
    HAL_GPIO_ReadPin                         0x08000e61   Thumb Code    10  stm32f1xx_hal_gpio.o(i.HAL_GPIO_ReadPin)
    HAL_GPIO_WritePin                        0x08000e6b   Thumb Code    10  stm32f1xx_hal_gpio.o(i.HAL_GPIO_WritePin)
    HAL_GetTick                              0x08000e75   Thumb Code     6  stm32f1xx_hal.o(i.HAL_GetTick)
    HAL_IncTick                              0x08000e81   Thumb Code    12  stm32f1xx_hal.o(i.HAL_IncTick)
    HAL_Init                                 0x08000e91   Thumb Code    32  stm32f1xx_hal.o(i.HAL_Init)
    HAL_InitTick                             0x08000eb5   Thumb Code    54  stm32f1xx_hal.o(i.HAL_InitTick)
    HAL_MspInit                              0x08000ef5   Thumb Code    52  stm32f1xx_hal_msp.o(i.HAL_MspInit)
    HAL_NVIC_EnableIRQ                       0x08000f31   Thumb Code    26  stm32f1xx_hal_cortex.o(i.HAL_NVIC_EnableIRQ)
    HAL_NVIC_SetPriority                     0x08000f4d   Thumb Code    60  stm32f1xx_hal_cortex.o(i.HAL_NVIC_SetPriority)
    HAL_NVIC_SetPriorityGrouping             0x08000f8d   Thumb Code    26  stm32f1xx_hal_cortex.o(i.HAL_NVIC_SetPriorityGrouping)
    HAL_PCDEx_PMAConfig                      0x08000fb1   Thumb Code    60  stm32f1xx_hal_pcd_ex.o(i.HAL_PCDEx_PMAConfig)
    HAL_PCDEx_SetConnectionState             0x08000fed   Thumb Code     2  usbd_conf.o(i.HAL_PCDEx_SetConnectionState)
    HAL_PCD_DataInStageCallback              0x08000fef   Thumb Code    18  usbd_conf.o(i.HAL_PCD_DataInStageCallback)
    HAL_PCD_DataOutStageCallback             0x08001001   Thumb Code    20  usbd_conf.o(i.HAL_PCD_DataOutStageCallback)
    HAL_PCD_EP_Close                         0x08001015   Thumb Code    76  stm32f1xx_hal_pcd.o(i.HAL_PCD_EP_Close)
    HAL_PCD_EP_ClrStall                      0x08001061   Thumb Code    92  stm32f1xx_hal_pcd.o(i.HAL_PCD_EP_ClrStall)
    HAL_PCD_EP_GetRxCount                    0x080014d3   Thumb Code    18  stm32f1xx_hal_pcd.o(i.HAL_PCD_EP_GetRxCount)
    HAL_PCD_EP_Open                          0x080014e5   Thumb Code    96  stm32f1xx_hal_pcd.o(i.HAL_PCD_EP_Open)
    HAL_PCD_EP_Receive                       0x08001545   Thumb Code    50  stm32f1xx_hal_pcd.o(i.HAL_PCD_EP_Receive)
    HAL_PCD_EP_SetStall                      0x08001577   Thumb Code   114  stm32f1xx_hal_pcd.o(i.HAL_PCD_EP_SetStall)
    HAL_PCD_EP_Transmit                      0x080015e9   Thumb Code    52  stm32f1xx_hal_pcd.o(i.HAL_PCD_EP_Transmit)
    HAL_PCD_IRQHandler                       0x0800161d   Thumb Code   340  stm32f1xx_hal_pcd.o(i.HAL_PCD_IRQHandler)
    HAL_PCD_Init                             0x08001771   Thumb Code   218  stm32f1xx_hal_pcd.o(i.HAL_PCD_Init)
    HAL_PCD_MspInit                          0x0800184d   Thumb Code   130  usbd_conf.o(i.HAL_PCD_MspInit)
    HAL_PCD_ResetCallback                    0x080018e1   Thumb Code    38  usbd_conf.o(i.HAL_PCD_ResetCallback)
    HAL_PCD_ResumeCallback                   0x08001907   Thumb Code     8  usbd_conf.o(i.HAL_PCD_ResumeCallback)
    HAL_PCD_SOFCallback                      0x0800190f   Thumb Code     8  usbd_conf.o(i.HAL_PCD_SOFCallback)
    HAL_PCD_SetAddress                       0x08001917   Thumb Code    40  stm32f1xx_hal_pcd.o(i.HAL_PCD_SetAddress)
    HAL_PCD_SetupStageCallback               0x0800193f   Thumb Code    14  usbd_conf.o(i.HAL_PCD_SetupStageCallback)
    HAL_PCD_Start                            0x0800194d   Thumb Code    50  stm32f1xx_hal_pcd.o(i.HAL_PCD_Start)
    HAL_PCD_SuspendCallback                  0x08001981   Thumb Code    30  usbd_conf.o(i.HAL_PCD_SuspendCallback)
    HAL_PWR_EnterSLEEPMode                   0x080019a5   Thumb Code    26  stm32f1xx_hal_pwr.o(i.HAL_PWR_EnterSLEEPMode)
    HAL_RCCEx_PeriphCLKConfig                0x080019c5   Thumb Code   224  stm32f1xx_hal_rcc_ex.o(i.HAL_RCCEx_PeriphCLKConfig)
    HAL_RCC_ClockConfig                      0x08001ab1   Thumb Code   280  stm32f1xx_hal_rcc.o(i.HAL_RCC_ClockConfig)
    HAL_RCC_GetSysClockFreq                  0x08001bdd   Thumb Code    74  stm32f1xx_hal_rcc.o(i.HAL_RCC_GetSysClockFreq)
    HAL_RCC_OscConfig                        0x08001c49   Thumb Code   778  stm32f1xx_hal_rcc.o(i.HAL_RCC_OscConfig)
    HAL_ResumeTick                           0x08001f69   Thumb Code    14  stm32f1xx_hal.o(i.HAL_ResumeTick)
    HAL_SPI_ErrorCallback                    0x08001f77   Thumb Code     2  stm32f1xx_hal_spi.o(i.HAL_SPI_ErrorCallback)
    HAL_SPI_IRQHandler                       0x08001f79   Thumb Code   220  stm32f1xx_hal_spi.o(i.HAL_SPI_IRQHandler)
    HAL_SPI_Init                             0x08002059   Thumb Code   178  stm32f1xx_hal_spi.o(i.HAL_SPI_Init)
    HAL_SPI_MspInit                          0x0800210d   Thumb Code   114  stm32f1xx_hal_msp.o(i.HAL_SPI_MspInit)
    HAL_SYSTICK_Config                       0x0800218d   Thumb Code    40  stm32f1xx_hal_cortex.o(i.HAL_SYSTICK_Config)
    HAL_SuspendTick                          0x080021b5   Thumb Code    14  stm32f1xx_hal.o(i.HAL_SuspendTick)
    HAL_TIMEx_BreakCallback                  0x080021c3   Thumb Code     2  stm32f1xx_hal_tim_ex.o(i.HAL_TIMEx_BreakCallback)
    HAL_TIMEx_CommutCallback                 0x080021c5   Thumb Code     2  stm32f1xx_hal_tim_ex.o(i.HAL_TIMEx_CommutCallback)
    HAL_TIM_IC_CaptureCallback               0x080021c7   Thumb Code     2  stm32f1xx_hal_tim.o(i.HAL_TIM_IC_CaptureCallback)
    HAL_TIM_IRQHandler                       0x080021c9   Thumb Code   358  stm32f1xx_hal_tim.o(i.HAL_TIM_IRQHandler)
    HAL_TIM_OC_DelayElapsedCallback          0x0800232f   Thumb Code     2  stm32f1xx_hal_tim.o(i.HAL_TIM_OC_DelayElapsedCallback)
    HAL_TIM_PWM_PulseFinishedCallback        0x08002331   Thumb Code     2  stm32f1xx_hal_tim.o(i.HAL_TIM_PWM_PulseFinishedCallback)
    HAL_TIM_PeriodElapsedCallback            0x08002335   Thumb Code    42  main.o(i.HAL_TIM_PeriodElapsedCallback)
    HAL_TIM_TriggerCallback                  0x08002369   Thumb Code     2  stm32f1xx_hal_tim.o(i.HAL_TIM_TriggerCallback)
    HardFault_Handler                        0x0800236b   Thumb Code     2  stm32f1xx_it.o(i.HardFault_Handler)
    MX_USB_DEVICE_Init                       0x080024b1   Thumb Code    66  usb_device.o(i.MX_USB_DEVICE_Init)
    MemManage_Handler                        0x08002505   Thumb Code     2  stm32f1xx_it.o(i.MemManage_Handler)
    NMI_Handler                              0x08002507   Thumb Code     2  stm32f1xx_it.o(i.NMI_Handler)
    PendSV_Handler                           0x0800281d   Thumb Code     2  stm32f1xx_it.o(i.PendSV_Handler)
    SPI1_IRQHandler                          0x08002821   Thumb Code     6  stm32f1xx_it.o(i.SPI1_IRQHandler)
    SVC_Handler                              0x0800283d   Thumb Code     2  stm32f1xx_it.o(i.SVC_Handler)
    SysTick_Handler                          0x0800283f   Thumb Code     4  stm32f1xx_it.o(i.SysTick_Handler)
    SystemClock_Config                       0x08002843   Thumb Code   118  main.o(i.SystemClock_Config)
    SystemInit                               0x080028b9   Thumb Code     2  system_stm32f1xx.o(i.SystemInit)
    TIM1_UP_IRQHandler                       0x080028bd   Thumb Code     6  stm32f1xx_it.o(i.TIM1_UP_IRQHandler)
    USBD_CDC_GetDeviceQualifierDescriptor    0x080029b5   Thumb Code     8  usbd_cdc.o(i.USBD_CDC_GetDeviceQualifierDescriptor)
    USBD_CDC_ReceivePacket                   0x08002a91   Thumb Code    50  usbd_cdc.o(i.USBD_CDC_ReceivePacket)
    USBD_CDC_RegisterInterface               0x08002ac3   Thumb Code    16  usbd_cdc.o(i.USBD_CDC_RegisterInterface)
    USBD_CDC_SetRxBuffer                     0x08002ad3   Thumb Code    12  usbd_cdc.o(i.USBD_CDC_SetRxBuffer)
    USBD_CDC_SetTxBuffer                     0x08002adf   Thumb Code    16  usbd_cdc.o(i.USBD_CDC_SetTxBuffer)
    USBD_CDC_TransmitPacket                  0x08002bd5   Thumb Code    56  usbd_cdc.o(i.USBD_CDC_TransmitPacket)
    USBD_ClrClassConfig                      0x08002c0d   Thumb Code    14  usbd_core.o(i.USBD_ClrClassConfig)
    USBD_CtlContinueRx                       0x08002c41   Thumb Code    16  usbd_ioreq.o(i.USBD_CtlContinueRx)
    USBD_CtlContinueSendData                 0x08002c51   Thumb Code    16  usbd_ioreq.o(i.USBD_CtlContinueSendData)
    USBD_CtlError                            0x08002c61   Thumb Code    24  usbd_ctlreq.o(i.USBD_CtlError)
    USBD_CtlPrepareRx                        0x08002c79   Thumb Code    30  usbd_ioreq.o(i.USBD_CtlPrepareRx)
    USBD_CtlReceiveStatus                    0x08002c97   Thumb Code    22  usbd_ioreq.o(i.USBD_CtlReceiveStatus)
    USBD_CtlSendData                         0x08002cad   Thumb Code    26  usbd_ioreq.o(i.USBD_CtlSendData)
    USBD_CtlSendStatus                       0x08002cc7   Thumb Code    22  usbd_ioreq.o(i.USBD_CtlSendStatus)
    USBD_FS_ConfigStrDescriptor              0x08002cdd   Thumb Code    32  usbd_desc.o(i.USBD_FS_ConfigStrDescriptor)
    USBD_FS_DeviceDescriptor                 0x08002d0d   Thumb Code     8  usbd_desc.o(i.USBD_FS_DeviceDescriptor)
    USBD_FS_InterfaceStrDescriptor           0x08002d19   Thumb Code    32  usbd_desc.o(i.USBD_FS_InterfaceStrDescriptor)
    USBD_FS_LangIDStrDescriptor              0x08002d4d   Thumb Code     8  usbd_desc.o(i.USBD_FS_LangIDStrDescriptor)
    USBD_FS_ManufacturerStrDescriptor        0x08002d59   Thumb Code    16  usbd_desc.o(i.USBD_FS_ManufacturerStrDescriptor)
    USBD_FS_ProductStrDescriptor             0x08002d81   Thumb Code    32  usbd_desc.o(i.USBD_FS_ProductStrDescriptor)
    USBD_FS_SerialStrDescriptor              0x08002dbd   Thumb Code    14  usbd_desc.o(i.USBD_FS_SerialStrDescriptor)
    USBD_GetString                           0x08002ffd   Thumb Code    68  usbd_ctlreq.o(i.USBD_GetString)
    USBD_Init                                0x08003065   Thumb Code    44  usbd_core.o(i.USBD_Init)
    USBD_LL_ClearStallEP                     0x08003091   Thumb Code    18  usbd_conf.o(i.USBD_LL_ClearStallEP)
    USBD_LL_CloseEP                          0x080030a3   Thumb Code    18  usbd_conf.o(i.USBD_LL_CloseEP)
    USBD_LL_DataInStage                      0x080030b5   Thumb Code   214  usbd_core.o(i.USBD_LL_DataInStage)
    USBD_LL_DataOutStage                     0x0800318b   Thumb Code   138  usbd_core.o(i.USBD_LL_DataOutStage)
    USBD_LL_GetRxDataSize                    0x08003215   Thumb Code     8  usbd_conf.o(i.USBD_LL_GetRxDataSize)
    USBD_LL_Init                             0x0800321d   Thumb Code   124  usbd_conf.o(i.USBD_LL_Init)
    USBD_LL_IsStallEP                        0x080032a1   Thumb Code    34  usbd_conf.o(i.USBD_LL_IsStallEP)
    USBD_LL_OpenEP                           0x080032c3   Thumb Code    24  usbd_conf.o(i.USBD_LL_OpenEP)
    USBD_LL_PrepareReceive                   0x080032db   Thumb Code    18  usbd_conf.o(i.USBD_LL_PrepareReceive)
    USBD_LL_Reset                            0x080032ed   Thumb Code    82  usbd_core.o(i.USBD_LL_Reset)
    USBD_LL_Resume                           0x0800333f   Thumb Code    20  usbd_core.o(i.USBD_LL_Resume)
    USBD_LL_SOF                              0x08003353   Thumb Code    24  usbd_core.o(i.USBD_LL_SOF)
    USBD_LL_SetSpeed                         0x0800336b   Thumb Code     6  usbd_core.o(i.USBD_LL_SetSpeed)
    USBD_LL_SetUSBAddress                    0x08003371   Thumb Code    18  usbd_conf.o(i.USBD_LL_SetUSBAddress)
    USBD_LL_SetupStage                       0x08003383   Thumb Code    94  usbd_core.o(i.USBD_LL_SetupStage)
    USBD_LL_StallEP                          0x080033e1   Thumb Code    18  usbd_conf.o(i.USBD_LL_StallEP)
    USBD_LL_Start                            0x080033f3   Thumb Code    18  usbd_conf.o(i.USBD_LL_Start)
    USBD_LL_Suspend                          0x08003405   Thumb Code    18  usbd_core.o(i.USBD_LL_Suspend)
    USBD_LL_Transmit                         0x08003417   Thumb Code    18  usbd_conf.o(i.USBD_LL_Transmit)
    USBD_ParseSetupRequest                   0x08003429   Thumb Code    40  usbd_ctlreq.o(i.USBD_ParseSetupRequest)
    USBD_RegisterClass                       0x08003451   Thumb Code    18  usbd_core.o(i.USBD_RegisterClass)
    USBD_RunTestMode                         0x08003463   Thumb Code     4  usbd_core.o(i.USBD_RunTestMode)
    USBD_SetClassConfig                      0x080034bf   Thumb Code    24  usbd_core.o(i.USBD_SetClassConfig)
    USBD_Start                               0x080035b5   Thumb Code    10  usbd_core.o(i.USBD_Start)
    USBD_StdDevReq                           0x080035bf   Thumb Code   128  usbd_ctlreq.o(i.USBD_StdDevReq)
    USBD_StdEPReq                            0x0800363f   Thumb Code   496  usbd_ctlreq.o(i.USBD_StdEPReq)
    USBD_StdItfReq                           0x0800382f   Thumb Code   106  usbd_ctlreq.o(i.USBD_StdItfReq)
    USBD_static_free                         0x08003899   Thumb Code     2  usbd_conf.o(i.USBD_static_free)
    USBD_static_malloc                       0x0800389d   Thumb Code     4  usbd_conf.o(i.USBD_static_malloc)
    USBWakeUp_IRQHandler                     0x080038a5   Thumb Code    32  stm32f1xx_it.o(i.USBWakeUp_IRQHandler)
    USB_ActivateEndpoint                     0x080038d1   Thumb Code   600  stm32f1xx_ll_usb.o(i.USB_ActivateEndpoint)
    USB_CoreInit                             0x08003b29   Thumb Code     4  stm32f1xx_ll_usb.o(i.USB_CoreInit)
    USB_DeactivateEndpoint                   0x08003b2d   Thumb Code   270  stm32f1xx_ll_usb.o(i.USB_DeactivateEndpoint)
    USB_DevConnect                           0x08003c3b   Thumb Code     4  stm32f1xx_ll_usb.o(i.USB_DevConnect)
    USB_DevDisconnect                        0x08003c3f   Thumb Code     4  stm32f1xx_ll_usb.o(i.USB_DevDisconnect)
    USB_DevInit                              0x08003c43   Thumb Code    18  stm32f1xx_ll_usb.o(i.USB_DevInit)
    USB_DisableGlobalInt                     0x08003c55   Thumb Code    14  stm32f1xx_ll_usb.o(i.USB_DisableGlobalInt)
    USB_EP0_OutStart                         0x08003c63   Thumb Code     4  stm32f1xx_ll_usb.o(i.USB_EP0_OutStart)
    USB_EPClearStall                         0x08003c67   Thumb Code   120  stm32f1xx_ll_usb.o(i.USB_EPClearStall)
    USB_EPSetStall                           0x08003cdf   Thumb Code    50  stm32f1xx_ll_usb.o(i.USB_EPSetStall)
    USB_EPStartXfer                          0x08003d11   Thumb Code  1548  stm32f1xx_ll_usb.o(i.USB_EPStartXfer)
    USB_EnableGlobalInt                      0x0800431d   Thumb Code    18  stm32f1xx_ll_usb.o(i.USB_EnableGlobalInt)
    USB_HP_CAN1_TX_IRQHandler                0x08004331   Thumb Code     6  stm32f1xx_it.o(i.USB_HP_CAN1_TX_IRQHandler)
    USB_LP_CAN1_RX0_IRQHandler               0x0800433d   Thumb Code     6  stm32f1xx_it.o(i.USB_LP_CAN1_RX0_IRQHandler)
    USB_ReadInterrupts                       0x08004349   Thumb Code     6  stm32f1xx_ll_usb.o(i.USB_ReadInterrupts)
    USB_ReadPMA                              0x08004351   Thumb Code    44  stm32f1xx_ll_usb.o(i.USB_ReadPMA)
    USB_SetCurrentMode                       0x0800437d   Thumb Code     4  stm32f1xx_ll_usb.o(i.USB_SetCurrentMode)
    USB_SetDevAddress                        0x08004381   Thumb Code    12  stm32f1xx_ll_usb.o(i.USB_SetDevAddress)
    USB_WritePMA                             0x0800438d   Thumb Code    38  stm32f1xx_ll_usb.o(i.USB_WritePMA)
    UsageFault_Handler                       0x080043b3   Thumb Code     2  stm32f1xx_it.o(i.UsageFault_Handler)
    WriteUserFrame                           0x080043b5   Thumb Code    56  main.o(i.WriteUserFrame)
    dogdik                                   0x08004415   Thumb Code   122  main.o(i.dogdik)
    erase_flash                              0x080044a5   Thumb Code    88  flashprom.o(i.erase_flash)
    flash_search_adress                      0x08004519   Thumb Code    52  flashprom.o(i.flash_search_adress)
    main                                     0x08004561   Thumb Code    94  main.o(i.main)
    max7219_clear                            0x080045d1   Thumb Code    22  max7219.o(i.max7219_clear)
    max7219_init                             0x080045e9   Thumb Code   238  max7219.o(i.max7219_init)
    max7219_send_8                           0x080046e5   Thumb Code    22  max7219.o(i.max7219_send_8)
    max7219_send_to_all                      0x080046fd   Thumb Code    44  max7219.o(i.max7219_send_to_all)
    max7219_set_brightness                   0x08004731   Thumb Code    14  max7219.o(i.max7219_set_brightness)
    read_last_data_in_flash                  0x08004741   Thumb Code    42  flashprom.o(i.read_last_data_in_flash)
    serdechko_wniz                           0x08004785   Thumb Code   118  main.o(i.serdechko_wniz)
    serdechkobienie                          0x08004809   Thumb Code   116  main.o(i.serdechkobienie)
    smiley_face                              0x0800488d   Thumb Code   118  main.o(i.smiley_face)
    write_to_flash                           0x0800490d   Thumb Code   244  flashprom.o(i.write_to_flash)
    zapolnenie_serdechka                     0x08004a45   Thumb Code   122  main.o(i.zapolnenie_serdechka)
    AHBPrescTable                            0x08004af8   Data          16  system_stm32f1xx.o(.constdata)
    Region$$Table$$Base                      0x08004b08   Number         0  anon$$obj.o(Region$$Table)
    Region$$Table$$Limit                     0x08004b28   Number         0  anon$$obj.o(Region$$Table)
    toggle                                   0x20000000   Data           1  main.o(.data)
    TxIdx                                    0x20000001   Data           1  main.o(.data)
    TxIdy                                    0x20000002   Data           1  main.o(.data)
    RxIdx                                    0x20000003   Data           1  main.o(.data)
    RxIdy                                    0x20000004   Data           1  main.o(.data)
    CounterPin                               0x20000005   Data           1  main.o(.data)
    start_rx                                 0x20000006   Data           1  main.o(.data)
    counter                                  0x20000008   Data           2  main.o(.data)
    res_addr                                 0x2000000c   Data           4  main.o(.data)
    hcrc                                     0x20000010   Data           8  main.o(.data)
    SPI_MASTER_Buffer_Tx                     0x20000018   Data        1200  main.o(.data)
    MAX7219_Dot_Matrix_font                  0x200004c8   Data        1296  main.o(.data)
    uwTickFreq                               0x200009d8   Data           1  stm32f1xx_hal.o(.data)
    uwTickPrio                               0x200009dc   Data           4  stm32f1xx_hal.o(.data)
    uwTick                                   0x200009e0   Data           4  stm32f1xx_hal.o(.data)
    SystemCoreClock                          0x200009e4   Data           4  system_stm32f1xx.o(.data)
    FS_Desc                                  0x200009e8   Data          28  usbd_desc.o(.data)
    USBD_LangIDDesc                          0x20000a04   Data           4  usbd_desc.o(.data)
    USBD_FS_DeviceDesc                       0x20000a08   Data          18  usbd_desc.o(.data)
    USBD_StringSerial                        0x20000a1c   Data          26  usbd_desc.o(.data)
    USBD_Interface_fops_FS                   0x20000a38   Data          16  usbd_cdc_if.o(.data)
    USBD_CDC_CfgHSDesc                       0x20000a58   Data          67  usbd_cdc.o(.data)
    USBD_CDC_CfgFSDesc                       0x20000a9c   Data          67  usbd_cdc.o(.data)
    USBD_CDC_OtherSpeedCfgDesc               0x20000ae0   Data          67  usbd_cdc.o(.data)
    USBD_CDC                                 0x20000b24   Data          56  usbd_cdc.o(.data)
    str_rx                                   0x20000b5c   Data          33  main.o(.bss)
    UserData                                 0x20000b80   Data          16  main.o(.bss)
    wdata                                    0x20000b90   Data          18  main.o(.bss)
    hspi1                                    0x20000ba4   Data          88  main.o(.bss)
    str_tx                                   0x20000bfc   Data          50  main.o(.bss)
    htim1                                    0x20000c30   Data          72  main.o(.bss)
    pFlash                                   0x20000c88   Data          32  stm32f1xx_hal_flash.o(.bss)
    hUsbDeviceFS                             0x20000ca8   Data         708  usb_device.o(.bss)
    USBD_StrDesc                             0x20000f6c   Data         512  usbd_desc.o(.bss)
    UserRxBufferFS                           0x2000116c   Data        1000  usbd_cdc_if.o(.bss)
    UserTxBufferFS                           0x20001554   Data        1000  usbd_cdc_if.o(.bss)
    hpcd_USB_FS                              0x20001b5c   Data         748  usbd_conf.o(.bss)
    __libspace_start                         0x20001e48   Data          96  libspace.o(.bss)
    __temporary_stack_top$libspace           0x20001ea8   Data           0  libspace.o(.bss)



==============================================================================

Memory Map of the image

  Image Entry point : 0x080000ed

  Load Region LR_IROM1 (Base: 0x08000000, Size: 0x00005684, Max: 0x00010000, ABSOLUTE, COMPRESSED[0x00004fcc])

    Execution Region ER_IROM1 (Exec base: 0x08000000, Load base: 0x08000000, Size: 0x00004b28, Max: 0x00010000, ABSOLUTE)

    Exec Addr    Load Addr    Size         Type   Attr      Idx    E Section Name        Object

    0x08000000   0x08000000   0x000000ec   Data   RO         3354    RESET               startup_stm32f103xb.o
    0x080000ec   0x080000ec   0x00000008   Code   RO         4253  * !!!main             c_w.l(__main.o)
    0x080000f4   0x080000f4   0x00000034   Code   RO         4427    !!!scatter          c_w.l(__scatter.o)
    0x08000128   0x08000128   0x00000064   Code   RO         4425    !!dclz77c           c_w.l(__dclz77c.o)
    0x0800018c   0x0800018c   0x0000001c   Code   RO         4429    !!handler_zi        c_w.l(__scatter_zi.o)
    0x080001a8   0x080001a8   0x00000000   Code   RO         4242    .ARM.Collect$$_printf_percent$$00000000  c_w.l(_printf_percent.o)
    0x080001a8   0x080001a8   0x00000006   Code   RO         4241    .ARM.Collect$$_printf_percent$$0000000A  c_w.l(_printf_u.o)
    0x080001ae   0x080001ae   0x00000004   Code   RO         4264    .ARM.Collect$$_printf_percent$$00000017  c_w.l(_printf_percent_end.o)
    0x080001b2   0x080001b2   0x00000002   Code   RO         4293    .ARM.Collect$$libinit$$00000000  c_w.l(libinit.o)
    0x080001b4   0x080001b4   0x00000000   Code   RO         4300    .ARM.Collect$$libinit$$00000002  c_w.l(libinit2.o)
    0x080001b4   0x080001b4   0x00000000   Code   RO         4302    .ARM.Collect$$libinit$$00000004  c_w.l(libinit2.o)
    0x080001b4   0x080001b4   0x00000000   Code   RO         4305    .ARM.Collect$$libinit$$0000000A  c_w.l(libinit2.o)
    0x080001b4   0x080001b4   0x00000000   Code   RO         4307    .ARM.Collect$$libinit$$0000000C  c_w.l(libinit2.o)
    0x080001b4   0x080001b4   0x00000000   Code   RO         4309    .ARM.Collect$$libinit$$0000000E  c_w.l(libinit2.o)
    0x080001b4   0x080001b4   0x00000000   Code   RO         4312    .ARM.Collect$$libinit$$00000011  c_w.l(libinit2.o)
    0x080001b4   0x080001b4   0x00000000   Code   RO         4314    .ARM.Collect$$libinit$$00000013  c_w.l(libinit2.o)
    0x080001b4   0x080001b4   0x00000000   Code   RO         4316    .ARM.Collect$$libinit$$00000015  c_w.l(libinit2.o)
    0x080001b4   0x080001b4   0x00000000   Code   RO         4318    .ARM.Collect$$libinit$$00000017  c_w.l(libinit2.o)
    0x080001b4   0x080001b4   0x00000000   Code   RO         4320    .ARM.Collect$$libinit$$00000019  c_w.l(libinit2.o)
    0x080001b4   0x080001b4   0x00000000   Code   RO         4322    .ARM.Collect$$libinit$$0000001B  c_w.l(libinit2.o)
    0x080001b4   0x080001b4   0x00000000   Code   RO         4324    .ARM.Collect$$libinit$$0000001D  c_w.l(libinit2.o)
    0x080001b4   0x080001b4   0x00000000   Code   RO         4326    .ARM.Collect$$libinit$$0000001F  c_w.l(libinit2.o)
    0x080001b4   0x080001b4   0x00000000   Code   RO         4328    .ARM.Collect$$libinit$$00000021  c_w.l(libinit2.o)
    0x080001b4   0x080001b4   0x00000000   Code   RO         4330    .ARM.Collect$$libinit$$00000023  c_w.l(libinit2.o)
    0x080001b4   0x080001b4   0x00000000   Code   RO         4332    .ARM.Collect$$libinit$$00000025  c_w.l(libinit2.o)
    0x080001b4   0x080001b4   0x00000000   Code   RO         4336    .ARM.Collect$$libinit$$0000002C  c_w.l(libinit2.o)
    0x080001b4   0x080001b4   0x00000000   Code   RO         4338    .ARM.Collect$$libinit$$0000002E  c_w.l(libinit2.o)
    0x080001b4   0x080001b4   0x00000000   Code   RO         4340    .ARM.Collect$$libinit$$00000030  c_w.l(libinit2.o)
    0x080001b4   0x080001b4   0x00000000   Code   RO         4342    .ARM.Collect$$libinit$$00000032  c_w.l(libinit2.o)
    0x080001b4   0x080001b4   0x00000002   Code   RO         4343    .ARM.Collect$$libinit$$00000033  c_w.l(libinit2.o)
    0x080001b6   0x080001b6   0x00000002   Code   RO         4363    .ARM.Collect$$libshutdown$$00000000  c_w.l(libshutdown.o)
    0x080001b8   0x080001b8   0x00000000   Code   RO         4376    .ARM.Collect$$libshutdown$$00000002  c_w.l(libshutdown2.o)
    0x080001b8   0x080001b8   0x00000000   Code   RO         4378    .ARM.Collect$$libshutdown$$00000004  c_w.l(libshutdown2.o)
    0x080001b8   0x080001b8   0x00000000   Code   RO         4380    .ARM.Collect$$libshutdown$$00000006  c_w.l(libshutdown2.o)
    0x080001b8   0x080001b8   0x00000000   Code   RO         4383    .ARM.Collect$$libshutdown$$00000009  c_w.l(libshutdown2.o)
    0x080001b8   0x080001b8   0x00000000   Code   RO         4386    .ARM.Collect$$libshutdown$$0000000C  c_w.l(libshutdown2.o)
    0x080001b8   0x080001b8   0x00000000   Code   RO         4388    .ARM.Collect$$libshutdown$$0000000E  c_w.l(libshutdown2.o)
    0x080001b8   0x080001b8   0x00000000   Code   RO         4391    .ARM.Collect$$libshutdown$$00000011  c_w.l(libshutdown2.o)
    0x080001b8   0x080001b8   0x00000002   Code   RO         4392    .ARM.Collect$$libshutdown$$00000012  c_w.l(libshutdown2.o)
    0x080001ba   0x080001ba   0x00000000   Code   RO         4255    .ARM.Collect$$rtentry$$00000000  c_w.l(__rtentry.o)
    0x080001ba   0x080001ba   0x00000000   Code   RO         4268    .ARM.Collect$$rtentry$$00000002  c_w.l(__rtentry2.o)
    0x080001ba   0x080001ba   0x00000006   Code   RO         4280    .ARM.Collect$$rtentry$$00000004  c_w.l(__rtentry4.o)
    0x080001c0   0x080001c0   0x00000000   Code   RO         4270    .ARM.Collect$$rtentry$$00000009  c_w.l(__rtentry2.o)
    0x080001c0   0x080001c0   0x00000004   Code   RO         4271    .ARM.Collect$$rtentry$$0000000A  c_w.l(__rtentry2.o)
    0x080001c4   0x080001c4   0x00000000   Code   RO         4273    .ARM.Collect$$rtentry$$0000000C  c_w.l(__rtentry2.o)
    0x080001c4   0x080001c4   0x00000008   Code   RO         4274    .ARM.Collect$$rtentry$$0000000D  c_w.l(__rtentry2.o)
    0x080001cc   0x080001cc   0x00000002   Code   RO         4297    .ARM.Collect$$rtexit$$00000000  c_w.l(rtexit.o)
    0x080001ce   0x080001ce   0x00000000   Code   RO         4345    .ARM.Collect$$rtexit$$00000002  c_w.l(rtexit2.o)
    0x080001ce   0x080001ce   0x00000004   Code   RO         4346    .ARM.Collect$$rtexit$$00000003  c_w.l(rtexit2.o)
    0x080001d2   0x080001d2   0x00000006   Code   RO         4347    .ARM.Collect$$rtexit$$00000004  c_w.l(rtexit2.o)
    0x080001d8   0x080001d8   0x00000040   Code   RO         3355    .text               startup_stm32f103xb.o
    0x08000218   0x08000218   0x00000026   Code   RO         4207    .text               c_w.l(llushr.o)
    0x0800023e   0x0800023e   0x00000002   PAD
    0x08000240   0x08000240   0x00000028   Code   RO         4213    .text               c_w.l(noretval__2sprintf.o)
    0x08000268   0x08000268   0x00000034   Code   RO         4215    .text               c_w.l(noretval__2snprintf.o)
    0x0800029c   0x0800029c   0x00000078   Code   RO         4219    .text               c_w.l(_printf_dec.o)
    0x08000314   0x08000314   0x000000b8   Code   RO         4224    .text               c_w.l(__printf_ss.o)
    0x080003cc   0x080003cc   0x0000003e   Code   RO         4243    .text               c_w.l(strlen.o)
    0x0800040a   0x0800040a   0x00000064   Code   RO         4245    .text               c_w.l(rt_memcpy_w.o)
    0x0800046e   0x0800046e   0x0000004e   Code   RO         4247    .text               c_w.l(rt_memclr_w.o)
    0x080004bc   0x080004bc   0x00000056   Code   RO         4249    .text               c_w.l(strncpy.o)
    0x08000512   0x08000512   0x00000006   Code   RO         4251    .text               c_w.l(heapauxi.o)
    0x08000518   0x08000518   0x000000b2   Code   RO         4256    .text               c_w.l(_printf_intcommon.o)
    0x080005ca   0x080005ca   0x00000002   PAD
    0x080005cc   0x080005cc   0x00000030   Code   RO         4258    .text               c_w.l(_printf_char_common.o)
    0x080005fc   0x080005fc   0x0000000a   Code   RO         4260    .text               c_w.l(_sputc.o)
    0x08000606   0x08000606   0x00000010   Code   RO         4262    .text               c_w.l(_snputc.o)
    0x08000616   0x08000616   0x00000044   Code   RO         4265    .text               c_w.l(rt_memclr.o)
    0x0800065a   0x0800065a   0x0000004a   Code   RO         4284    .text               c_w.l(sys_stackheap_outer.o)
    0x080006a4   0x080006a4   0x00000012   Code   RO         4286    .text               c_w.l(exit.o)
    0x080006b6   0x080006b6   0x00000002   PAD
    0x080006b8   0x080006b8   0x00000008   Code   RO         4294    .text               c_w.l(libspace.o)
    0x080006c0   0x080006c0   0x0000000c   Code   RO         4355    .text               c_w.l(sys_exit.o)
    0x080006cc   0x080006cc   0x00000002   Code   RO         4366    .text               c_w.l(use_no_semi.o)
    0x080006ce   0x080006ce   0x00000000   Code   RO         4368    .text               c_w.l(indicate_semi.o)
    0x080006ce   0x080006ce   0x00000002   Code   RO          263    i.BusFault_Handler  stm32f1xx_it.o
    0x080006d0   0x080006d0   0x00000008   Code   RO         3539    i.CDC_Control_FS    usbd_cdc_if.o
    0x080006d8   0x080006d8   0x00000004   Code   RO         3540    i.CDC_DeInit_FS     usbd_cdc_if.o
    0x080006dc   0x080006dc   0x00000024   Code   RO         3541    i.CDC_Init_FS       usbd_cdc_if.o
    0x08000700   0x08000700   0x0000006c   Code   RO         3542    i.CDC_Receive_FS    usbd_cdc_if.o
    0x0800076c   0x0800076c   0x0000002c   Code   RO         3543    i.CDC_Transmit_FS   usbd_cdc_if.o
    0x08000798   0x08000798   0x00000094   Code   RO         3544    i.DataConverter     usbd_cdc_if.o
    0x0800082c   0x0800082c   0x00000002   Code   RO          264    i.DebugMon_Handler  stm32f1xx_it.o
    0x0800082e   0x0800082e   0x00000002   PAD
    0x08000830   0x08000830   0x00000030   Code   RO          265    i.EXTI9_5_IRQHandler  stm32f1xx_it.o
    0x08000860   0x08000860   0x00000004   Code   RO            5    i.Error_Handler     main.o
    0x08000864   0x08000864   0x00000024   Code   RO         1843    i.FLASH_MassErase   stm32f1xx_hal_flash_ex.o
    0x08000888   0x08000888   0x00000024   Code   RO         1848    i.FLASH_PageErase   stm32f1xx_hal_flash_ex.o
    0x080008ac   0x080008ac   0x0000001c   Code   RO         1740    i.FLASH_Program_HalfWord  stm32f1xx_hal_flash.o
    0x080008c8   0x080008c8   0x0000005c   Code   RO         1741    i.FLASH_SetErrorCode  stm32f1xx_hal_flash.o
    0x08000924   0x08000924   0x00000054   Code   RO         1742    i.FLASH_WaitForLastOperation  stm32f1xx_hal_flash.o
    0x08000978   0x08000978   0x00000038   Code   RO         3448    i.Get_SerialNum     usbd_desc.o
    0x080009b0   0x080009b0   0x0000002e   Code   RO         3296    i.HAL_CRC_Calculate  stm32f1xx_hal_crc.o
    0x080009de   0x080009de   0x00000022   Code   RO         3299    i.HAL_CRC_Init      stm32f1xx_hal_crc.o
    0x08000a00   0x08000a00   0x00000002   Code   RO         3301    i.HAL_CRC_MspInit   stm32f1xx_hal_crc.o
    0x08000a02   0x08000a02   0x00000002   PAD
    0x08000a04   0x08000a04   0x00000098   Code   RO         1405    i.HAL_DMA_Abort_IT  stm32f1xx_hal_dma.o
    0x08000a9c   0x08000a9c   0x00000024   Code   RO         1032    i.HAL_Delay         stm32f1xx_hal.o
    0x08000ac0   0x08000ac0   0x000000a8   Code   RO         1849    i.HAL_FLASHEx_Erase  stm32f1xx_hal_flash_ex.o
    0x08000b68   0x08000b68   0x0000000c   Code   RO         1744    i.HAL_FLASH_GetError  stm32f1xx_hal_flash.o
    0x08000b74   0x08000b74   0x00000014   Code   RO         1746    i.HAL_FLASH_Lock    stm32f1xx_hal_flash.o
    0x08000b88   0x08000b88   0x00000080   Code   RO         1751    i.HAL_FLASH_Program  stm32f1xx_hal_flash.o
    0x08000c08   0x08000c08   0x00000028   Code   RO         1753    i.HAL_FLASH_Unlock  stm32f1xx_hal_flash.o
    0x08000c30   0x08000c30   0x00000038   Code   RO            7    i.HAL_GPIO_EXTI_Callback  main.o
    0x08000c68   0x08000c68   0x00000018   Code   RO         1339    i.HAL_GPIO_EXTI_IRQHandler  stm32f1xx_hal_gpio.o
    0x08000c80   0x08000c80   0x000001e0   Code   RO         1340    i.HAL_GPIO_Init     stm32f1xx_hal_gpio.o
    0x08000e60   0x08000e60   0x0000000a   Code   RO         1342    i.HAL_GPIO_ReadPin  stm32f1xx_hal_gpio.o
    0x08000e6a   0x08000e6a   0x0000000a   Code   RO         1344    i.HAL_GPIO_WritePin  stm32f1xx_hal_gpio.o
    0x08000e74   0x08000e74   0x0000000c   Code   RO         1036    i.HAL_GetTick       stm32f1xx_hal.o
    0x08000e80   0x08000e80   0x00000010   Code   RO         1042    i.HAL_IncTick       stm32f1xx_hal.o
    0x08000e90   0x08000e90   0x00000024   Code   RO         1043    i.HAL_Init          stm32f1xx_hal.o
    0x08000eb4   0x08000eb4   0x00000040   Code   RO         1044    i.HAL_InitTick      stm32f1xx_hal.o
    0x08000ef4   0x08000ef4   0x0000003c   Code   RO          375    i.HAL_MspInit       stm32f1xx_hal_msp.o
    0x08000f30   0x08000f30   0x0000001a   Code   RO         1500    i.HAL_NVIC_EnableIRQ  stm32f1xx_hal_cortex.o
    0x08000f4a   0x08000f4a   0x00000002   PAD
    0x08000f4c   0x08000f4c   0x00000040   Code   RO         1506    i.HAL_NVIC_SetPriority  stm32f1xx_hal_cortex.o
    0x08000f8c   0x08000f8c   0x00000024   Code   RO         1507    i.HAL_NVIC_SetPriorityGrouping  stm32f1xx_hal_cortex.o
    0x08000fb0   0x08000fb0   0x0000003c   Code   RO          805    i.HAL_PCDEx_PMAConfig  stm32f1xx_hal_pcd_ex.o
    0x08000fec   0x08000fec   0x00000002   Code   RO         3597    i.HAL_PCDEx_SetConnectionState  usbd_conf.o
    0x08000fee   0x08000fee   0x00000012   Code   RO         3599    i.HAL_PCD_DataInStageCallback  usbd_conf.o
    0x08001000   0x08001000   0x00000014   Code   RO         3600    i.HAL_PCD_DataOutStageCallback  usbd_conf.o
    0x08001014   0x08001014   0x0000004c   Code   RO          581    i.HAL_PCD_EP_Close  stm32f1xx_hal_pcd.o
    0x08001060   0x08001060   0x0000005c   Code   RO          582    i.HAL_PCD_EP_ClrStall  stm32f1xx_hal_pcd.o
    0x080010bc   0x080010bc   0x000000e6   Code   RO          583    i.HAL_PCD_EP_DB_Receive  stm32f1xx_hal_pcd.o
    0x080011a2   0x080011a2   0x00000330   Code   RO          584    i.HAL_PCD_EP_DB_Transmit  stm32f1xx_hal_pcd.o
    0x080014d2   0x080014d2   0x00000012   Code   RO          586    i.HAL_PCD_EP_GetRxCount  stm32f1xx_hal_pcd.o
    0x080014e4   0x080014e4   0x00000060   Code   RO          587    i.HAL_PCD_EP_Open   stm32f1xx_hal_pcd.o
    0x08001544   0x08001544   0x00000032   Code   RO          588    i.HAL_PCD_EP_Receive  stm32f1xx_hal_pcd.o
    0x08001576   0x08001576   0x00000072   Code   RO          589    i.HAL_PCD_EP_SetStall  stm32f1xx_hal_pcd.o
    0x080015e8   0x080015e8   0x00000034   Code   RO          590    i.HAL_PCD_EP_Transmit  stm32f1xx_hal_pcd.o
    0x0800161c   0x0800161c   0x00000154   Code   RO          592    i.HAL_PCD_IRQHandler  stm32f1xx_hal_pcd.o
    0x08001770   0x08001770   0x000000da   Code   RO          595    i.HAL_PCD_Init      stm32f1xx_hal_pcd.o
    0x0800184a   0x0800184a   0x00000002   PAD
    0x0800184c   0x0800184c   0x00000094   Code   RO         3605    i.HAL_PCD_MspInit   usbd_conf.o
    0x080018e0   0x080018e0   0x00000026   Code   RO         3606    i.HAL_PCD_ResetCallback  usbd_conf.o
    0x08001906   0x08001906   0x00000008   Code   RO         3607    i.HAL_PCD_ResumeCallback  usbd_conf.o
    0x0800190e   0x0800190e   0x00000008   Code   RO         3608    i.HAL_PCD_SOFCallback  usbd_conf.o
    0x08001916   0x08001916   0x00000028   Code   RO          601    i.HAL_PCD_SetAddress  stm32f1xx_hal_pcd.o
    0x0800193e   0x0800193e   0x0000000e   Code   RO         3609    i.HAL_PCD_SetupStageCallback  usbd_conf.o
    0x0800194c   0x0800194c   0x00000032   Code   RO          603    i.HAL_PCD_Start     stm32f1xx_hal_pcd.o
    0x0800197e   0x0800197e   0x00000002   PAD
    0x08001980   0x08001980   0x00000024   Code   RO         3610    i.HAL_PCD_SuspendCallback  usbd_conf.o
    0x080019a4   0x080019a4   0x00000020   Code   RO         1627    i.HAL_PWR_EnterSLEEPMode  stm32f1xx_hal_pwr.o
    0x080019c4   0x080019c4   0x000000ec   Code   RO         1303    i.HAL_RCCEx_PeriphCLKConfig  stm32f1xx_hal_rcc_ex.o
    0x08001ab0   0x08001ab0   0x0000012c   Code   RO         1200    i.HAL_RCC_ClockConfig  stm32f1xx_hal_rcc.o
    0x08001bdc   0x08001bdc   0x0000006c   Code   RO         1209    i.HAL_RCC_GetSysClockFreq  stm32f1xx_hal_rcc.o
    0x08001c48   0x08001c48   0x00000320   Code   RO         1212    i.HAL_RCC_OscConfig  stm32f1xx_hal_rcc.o
    0x08001f68   0x08001f68   0x0000000e   Code   RO         1047    i.HAL_ResumeTick    stm32f1xx_hal.o
    0x08001f76   0x08001f76   0x00000002   Code   RO         2007    i.HAL_SPI_ErrorCallback  stm32f1xx_hal_spi.o
    0x08001f78   0x08001f78   0x000000e0   Code   RO         2010    i.HAL_SPI_IRQHandler  stm32f1xx_hal_spi.o
    0x08002058   0x08002058   0x000000b2   Code   RO         2011    i.HAL_SPI_Init      stm32f1xx_hal_spi.o
    0x0800210a   0x0800210a   0x00000002   PAD
    0x0800210c   0x0800210c   0x00000080   Code   RO          377    i.HAL_SPI_MspInit   stm32f1xx_hal_msp.o
    0x0800218c   0x0800218c   0x00000028   Code   RO         1511    i.HAL_SYSTICK_Config  stm32f1xx_hal_cortex.o
    0x080021b4   0x080021b4   0x0000000e   Code   RO         1049    i.HAL_SuspendTick   stm32f1xx_hal.o
    0x080021c2   0x080021c2   0x00000002   Code   RO         3028    i.HAL_TIMEx_BreakCallback  stm32f1xx_hal_tim_ex.o
    0x080021c4   0x080021c4   0x00000002   Code   RO         3029    i.HAL_TIMEx_CommutCallback  stm32f1xx_hal_tim_ex.o
    0x080021c6   0x080021c6   0x00000002   Code   RO         2358    i.HAL_TIM_IC_CaptureCallback  stm32f1xx_hal_tim.o
    0x080021c8   0x080021c8   0x00000166   Code   RO         2372    i.HAL_TIM_IRQHandler  stm32f1xx_hal_tim.o
    0x0800232e   0x0800232e   0x00000002   Code   RO         2375    i.HAL_TIM_OC_DelayElapsedCallback  stm32f1xx_hal_tim.o
    0x08002330   0x08002330   0x00000002   Code   RO         2402    i.HAL_TIM_PWM_PulseFinishedCallback  stm32f1xx_hal_tim.o
    0x08002332   0x08002332   0x00000002   PAD
    0x08002334   0x08002334   0x00000034   Code   RO            8    i.HAL_TIM_PeriodElapsedCallback  main.o
    0x08002368   0x08002368   0x00000002   Code   RO         2415    i.HAL_TIM_TriggerCallback  stm32f1xx_hal_tim.o
    0x0800236a   0x0800236a   0x00000002   Code   RO          266    i.HardFault_Handler  stm32f1xx_it.o
    0x0800236c   0x0800236c   0x0000003e   Code   RO         3449    i.IntToUnicode      usbd_desc.o
    0x080023aa   0x080023aa   0x00000002   PAD
    0x080023ac   0x080023ac   0x000000c0   Code   RO            9    i.MX_GPIO_Init      main.o
    0x0800246c   0x0800246c   0x00000044   Code   RO           10    i.MX_SPI1_Init      main.o
    0x080024b0   0x080024b0   0x00000054   Code   RO         3400    i.MX_USB_DEVICE_Init  usb_device.o
    0x08002504   0x08002504   0x00000002   Code   RO          267    i.MemManage_Handler  stm32f1xx_it.o
    0x08002506   0x08002506   0x00000002   Code   RO          268    i.NMI_Handler       stm32f1xx_it.o
    0x08002508   0x08002508   0x00000314   Code   RO          607    i.PCD_EP_ISR_Handler  stm32f1xx_hal_pcd.o
    0x0800281c   0x0800281c   0x00000002   Code   RO          269    i.PendSV_Handler    stm32f1xx_it.o
    0x0800281e   0x0800281e   0x00000002   PAD
    0x08002820   0x08002820   0x0000000c   Code   RO          270    i.SPI1_IRQHandler   stm32f1xx_it.o
    0x0800282c   0x0800282c   0x00000010   Code   RO         2038    i.SPI_DMAAbortOnError  stm32f1xx_hal_spi.o
    0x0800283c   0x0800283c   0x00000002   Code   RO          271    i.SVC_Handler       stm32f1xx_it.o
    0x0800283e   0x0800283e   0x00000004   Code   RO          272    i.SysTick_Handler   stm32f1xx_it.o
    0x08002842   0x08002842   0x00000076   Code   RO           13    i.SystemClock_Config  main.o
    0x080028b8   0x080028b8   0x00000002   Code   RO         3363    i.SystemInit        system_stm32f1xx.o
    0x080028ba   0x080028ba   0x00000002   PAD
    0x080028bc   0x080028bc   0x0000000c   Code   RO          273    i.TIM1_UP_IRQHandler  stm32f1xx_it.o
    0x080028c8   0x080028c8   0x0000004a   Code   RO         4102    i.USBD_CDC_DataIn   usbd_cdc.o
    0x08002912   0x08002912   0x00000030   Code   RO         4103    i.USBD_CDC_DataOut  usbd_cdc.o
    0x08002942   0x08002942   0x00000046   Code   RO         4104    i.USBD_CDC_DeInit   usbd_cdc.o
    0x08002988   0x08002988   0x0000002a   Code   RO         4105    i.USBD_CDC_EP0_RxReady  usbd_cdc.o
    0x080029b2   0x080029b2   0x00000002   PAD
    0x080029b4   0x080029b4   0x0000000c   Code   RO         4106    i.USBD_CDC_GetDeviceQualifierDescriptor  usbd_cdc.o
    0x080029c0   0x080029c0   0x0000000c   Code   RO         4107    i.USBD_CDC_GetFSCfgDesc  usbd_cdc.o
    0x080029cc   0x080029cc   0x0000000c   Code   RO         4108    i.USBD_CDC_GetHSCfgDesc  usbd_cdc.o
    0x080029d8   0x080029d8   0x0000000c   Code   RO         4109    i.USBD_CDC_GetOtherSpeedCfgDesc  usbd_cdc.o
    0x080029e4   0x080029e4   0x000000ac   Code   RO         4110    i.USBD_CDC_Init     usbd_cdc.o
    0x08002a90   0x08002a90   0x00000032   Code   RO         4111    i.USBD_CDC_ReceivePacket  usbd_cdc.o
    0x08002ac2   0x08002ac2   0x00000010   Code   RO         4112    i.USBD_CDC_RegisterInterface  usbd_cdc.o
    0x08002ad2   0x08002ad2   0x0000000c   Code   RO         4113    i.USBD_CDC_SetRxBuffer  usbd_cdc.o
    0x08002ade   0x08002ade   0x00000010   Code   RO         4114    i.USBD_CDC_SetTxBuffer  usbd_cdc.o
    0x08002aee   0x08002aee   0x000000e6   Code   RO         4115    i.USBD_CDC_Setup    usbd_cdc.o
    0x08002bd4   0x08002bd4   0x00000038   Code   RO         4116    i.USBD_CDC_TransmitPacket  usbd_cdc.o
    0x08002c0c   0x08002c0c   0x0000000e   Code   RO         3809    i.USBD_ClrClassConfig  usbd_core.o
    0x08002c1a   0x08002c1a   0x00000026   Code   RO         3947    i.USBD_ClrFeature   usbd_ctlreq.o
    0x08002c40   0x08002c40   0x00000010   Code   RO         4042    i.USBD_CtlContinueRx  usbd_ioreq.o
    0x08002c50   0x08002c50   0x00000010   Code   RO         4043    i.USBD_CtlContinueSendData  usbd_ioreq.o
    0x08002c60   0x08002c60   0x00000018   Code   RO         3948    i.USBD_CtlError     usbd_ctlreq.o
    0x08002c78   0x08002c78   0x0000001e   Code   RO         4044    i.USBD_CtlPrepareRx  usbd_ioreq.o
    0x08002c96   0x08002c96   0x00000016   Code   RO         4045    i.USBD_CtlReceiveStatus  usbd_ioreq.o
    0x08002cac   0x08002cac   0x0000001a   Code   RO         4046    i.USBD_CtlSendData  usbd_ioreq.o
    0x08002cc6   0x08002cc6   0x00000016   Code   RO         4047    i.USBD_CtlSendStatus  usbd_ioreq.o
    0x08002cdc   0x08002cdc   0x00000030   Code   RO         3450    i.USBD_FS_ConfigStrDescriptor  usbd_desc.o
    0x08002d0c   0x08002d0c   0x0000000c   Code   RO         3451    i.USBD_FS_DeviceDescriptor  usbd_desc.o
    0x08002d18   0x08002d18   0x00000034   Code   RO         3452    i.USBD_FS_InterfaceStrDescriptor  usbd_desc.o
    0x08002d4c   0x08002d4c   0x0000000c   Code   RO         3453    i.USBD_FS_LangIDStrDescriptor  usbd_desc.o
    0x08002d58   0x08002d58   0x00000028   Code   RO         3454    i.USBD_FS_ManufacturerStrDescriptor  usbd_desc.o
    0x08002d80   0x08002d80   0x0000003c   Code   RO         3455    i.USBD_FS_ProductStrDescriptor  usbd_desc.o
    0x08002dbc   0x08002dbc   0x00000014   Code   RO         3456    i.USBD_FS_SerialStrDescriptor  usbd_desc.o
    0x08002dd0   0x08002dd0   0x00000034   Code   RO         3949    i.USBD_GetConfig    usbd_ctlreq.o
    0x08002e04   0x08002e04   0x000001aa   Code   RO         3950    i.USBD_GetDescriptor  usbd_ctlreq.o
    0x08002fae   0x08002fae   0x00000018   Code   RO         3951    i.USBD_GetLen       usbd_ctlreq.o
    0x08002fc6   0x08002fc6   0x00000036   Code   RO         3952    i.USBD_GetStatus    usbd_ctlreq.o
    0x08002ffc   0x08002ffc   0x00000044   Code   RO         3953    i.USBD_GetString    usbd_ctlreq.o
    0x08003040   0x08003040   0x00000024   Code   RO         3611    i.USBD_Get_USB_Status  usbd_conf.o
    0x08003064   0x08003064   0x0000002c   Code   RO         3811    i.USBD_Init         usbd_core.o
    0x08003090   0x08003090   0x00000012   Code   RO         3612    i.USBD_LL_ClearStallEP  usbd_conf.o
    0x080030a2   0x080030a2   0x00000012   Code   RO         3613    i.USBD_LL_CloseEP   usbd_conf.o
    0x080030b4   0x080030b4   0x000000d6   Code   RO         3812    i.USBD_LL_DataInStage  usbd_core.o
    0x0800318a   0x0800318a   0x0000008a   Code   RO         3813    i.USBD_LL_DataOutStage  usbd_core.o
    0x08003214   0x08003214   0x00000008   Code   RO         3617    i.USBD_LL_GetRxDataSize  usbd_conf.o
    0x0800321c   0x0800321c   0x00000084   Code   RO         3618    i.USBD_LL_Init      usbd_conf.o
    0x080032a0   0x080032a0   0x00000022   Code   RO         3619    i.USBD_LL_IsStallEP  usbd_conf.o
    0x080032c2   0x080032c2   0x00000018   Code   RO         3620    i.USBD_LL_OpenEP    usbd_conf.o
    0x080032da   0x080032da   0x00000012   Code   RO         3621    i.USBD_LL_PrepareReceive  usbd_conf.o
    0x080032ec   0x080032ec   0x00000052   Code   RO         3818    i.USBD_LL_Reset     usbd_core.o
    0x0800333e   0x0800333e   0x00000014   Code   RO         3819    i.USBD_LL_Resume    usbd_core.o
    0x08003352   0x08003352   0x00000018   Code   RO         3820    i.USBD_LL_SOF       usbd_core.o
    0x0800336a   0x0800336a   0x00000006   Code   RO         3821    i.USBD_LL_SetSpeed  usbd_core.o
    0x08003370   0x08003370   0x00000012   Code   RO         3622    i.USBD_LL_SetUSBAddress  usbd_conf.o
    0x08003382   0x08003382   0x0000005e   Code   RO         3822    i.USBD_LL_SetupStage  usbd_core.o
    0x080033e0   0x080033e0   0x00000012   Code   RO         3623    i.USBD_LL_StallEP   usbd_conf.o
    0x080033f2   0x080033f2   0x00000012   Code   RO         3624    i.USBD_LL_Start     usbd_conf.o
    0x08003404   0x08003404   0x00000012   Code   RO         3823    i.USBD_LL_Suspend   usbd_core.o
    0x08003416   0x08003416   0x00000012   Code   RO         3626    i.USBD_LL_Transmit  usbd_conf.o
    0x08003428   0x08003428   0x00000028   Code   RO         3954    i.USBD_ParseSetupRequest  usbd_ctlreq.o
    0x08003450   0x08003450   0x00000012   Code   RO         3824    i.USBD_RegisterClass  usbd_core.o
    0x08003462   0x08003462   0x00000004   Code   RO         3825    i.USBD_RunTestMode  usbd_core.o
    0x08003466   0x08003466   0x00000058   Code   RO         3955    i.USBD_SetAddress   usbd_ctlreq.o
    0x080034be   0x080034be   0x00000018   Code   RO         3826    i.USBD_SetClassConfig  usbd_core.o
    0x080034d6   0x080034d6   0x00000002   PAD
    0x080034d8   0x080034d8   0x000000cc   Code   RO         3956    i.USBD_SetConfig    usbd_ctlreq.o
    0x080035a4   0x080035a4   0x00000010   Code   RO         3957    i.USBD_SetFeature   usbd_ctlreq.o
    0x080035b4   0x080035b4   0x0000000a   Code   RO         3827    i.USBD_Start        usbd_core.o
    0x080035be   0x080035be   0x00000080   Code   RO         3958    i.USBD_StdDevReq    usbd_ctlreq.o
    0x0800363e   0x0800363e   0x000001f0   Code   RO         3959    i.USBD_StdEPReq     usbd_ctlreq.o
    0x0800382e   0x0800382e   0x0000006a   Code   RO         3960    i.USBD_StdItfReq    usbd_ctlreq.o
    0x08003898   0x08003898   0x00000002   Code   RO         3627    i.USBD_static_free  usbd_conf.o
    0x0800389a   0x0800389a   0x00000002   PAD
    0x0800389c   0x0800389c   0x00000008   Code   RO         3628    i.USBD_static_malloc  usbd_conf.o
    0x080038a4   0x080038a4   0x0000002c   Code   RO          274    i.USBWakeUp_IRQHandler  stm32f1xx_it.o
    0x080038d0   0x080038d0   0x00000258   Code   RO          845    i.USB_ActivateEndpoint  stm32f1xx_ll_usb.o
    0x08003b28   0x08003b28   0x00000004   Code   RO          848    i.USB_CoreInit      stm32f1xx_ll_usb.o
    0x08003b2c   0x08003b2c   0x0000010e   Code   RO          850    i.USB_DeactivateEndpoint  stm32f1xx_ll_usb.o
    0x08003c3a   0x08003c3a   0x00000004   Code   RO          851    i.USB_DevConnect    stm32f1xx_ll_usb.o
    0x08003c3e   0x08003c3e   0x00000004   Code   RO          852    i.USB_DevDisconnect  stm32f1xx_ll_usb.o
    0x08003c42   0x08003c42   0x00000012   Code   RO          853    i.USB_DevInit       stm32f1xx_ll_usb.o
    0x08003c54   0x08003c54   0x0000000e   Code   RO          854    i.USB_DisableGlobalInt  stm32f1xx_ll_usb.o
    0x08003c62   0x08003c62   0x00000004   Code   RO          855    i.USB_EP0_OutStart  stm32f1xx_ll_usb.o
    0x08003c66   0x08003c66   0x00000078   Code   RO          856    i.USB_EPClearStall  stm32f1xx_ll_usb.o
    0x08003cde   0x08003cde   0x00000032   Code   RO          857    i.USB_EPSetStall    stm32f1xx_ll_usb.o
    0x08003d10   0x08003d10   0x0000060c   Code   RO          858    i.USB_EPStartXfer   stm32f1xx_ll_usb.o
    0x0800431c   0x0800431c   0x00000012   Code   RO          859    i.USB_EnableGlobalInt  stm32f1xx_ll_usb.o
    0x0800432e   0x0800432e   0x00000002   PAD
    0x08004330   0x08004330   0x0000000c   Code   RO          275    i.USB_HP_CAN1_TX_IRQHandler  stm32f1xx_it.o
    0x0800433c   0x0800433c   0x0000000c   Code   RO          276    i.USB_LP_CAN1_RX0_IRQHandler  stm32f1xx_it.o
    0x08004348   0x08004348   0x00000006   Code   RO          866    i.USB_ReadInterrupts  stm32f1xx_ll_usb.o
    0x0800434e   0x0800434e   0x00000002   PAD
    0x08004350   0x08004350   0x0000002c   Code   RO          867    i.USB_ReadPMA       stm32f1xx_ll_usb.o
    0x0800437c   0x0800437c   0x00000004   Code   RO          868    i.USB_SetCurrentMode  stm32f1xx_ll_usb.o
    0x08004380   0x08004380   0x0000000c   Code   RO          869    i.USB_SetDevAddress  stm32f1xx_ll_usb.o
    0x0800438c   0x0800438c   0x00000026   Code   RO          871    i.USB_WritePMA      stm32f1xx_ll_usb.o
    0x080043b2   0x080043b2   0x00000002   Code   RO          277    i.UsageFault_Handler  stm32f1xx_it.o
    0x080043b4   0x080043b4   0x00000040   Code   RO           14    i.WriteUserFrame    main.o
    0x080043f4   0x080043f4   0x00000020   Code   RO         1513    i.__NVIC_SetPriority  stm32f1xx_hal_cortex.o
    0x08004414   0x08004414   0x00000090   Code   RO           15    i.dogdik            main.o
    0x080044a4   0x080044a4   0x00000074   Code   RO          411    i.erase_flash       flashprom.o
    0x08004518   0x08004518   0x00000048   Code   RO          412    i.flash_search_adress  flashprom.o
    0x08004560   0x08004560   0x00000070   Code   RO           16    i.main              main.o
    0x080045d0   0x080045d0   0x00000016   Code   RO          461    i.max7219_clear     max7219.o
    0x080045e6   0x080045e6   0x00000002   PAD
    0x080045e8   0x080045e8   0x000000fc   Code   RO          462    i.max7219_init      max7219.o
    0x080046e4   0x080046e4   0x00000016   Code   RO          464    i.max7219_send_8    max7219.o
    0x080046fa   0x080046fa   0x00000002   PAD
    0x080046fc   0x080046fc   0x00000034   Code   RO          465    i.max7219_send_to_all  max7219.o
    0x08004730   0x08004730   0x0000000e   Code   RO          467    i.max7219_set_brightness  max7219.o
    0x0800473e   0x0800473e   0x00000002   PAD
    0x08004740   0x08004740   0x00000044   Code   RO          414    i.read_last_data_in_flash  flashprom.o
    0x08004784   0x08004784   0x00000084   Code   RO           17    i.serdechko_wniz    main.o
    0x08004808   0x08004808   0x00000084   Code   RO           18    i.serdechkobienie   main.o
    0x0800488c   0x0800488c   0x00000080   Code   RO           19    i.smiley_face       main.o
    0x0800490c   0x0800490c   0x00000138   Code   RO          415    i.write_to_flash    flashprom.o
    0x08004a44   0x08004a44   0x00000098   Code   RO           20    i.zapolnenie_serdechka  main.o
    0x08004adc   0x08004adc   0x0000001c   Data   RO           25    .constdata          main.o
    0x08004af8   0x08004af8   0x00000010   Data   RO         3364    .constdata          system_stm32f1xx.o
    0x08004b08   0x08004b08   0x00000020   Data   RO         4423    Region$$Table       anon$$obj.o


    Execution Region RW_IRAM1 (Exec base: 0x20000000, Load base: 0x08004b28, Size: 0x000024a8, Max: 0x00005000, ABSOLUTE, COMPRESSED[0x000004a4])

    Exec Addr    Load Addr    Size         Type   Attr      Idx    E Section Name        Object

    0x20000000   COMPRESSED   0x000009d8   Data   RW           26    .data               main.o
    0x200009d8   COMPRESSED   0x0000000c   Data   RW         1050    .data               stm32f1xx_hal.o
    0x200009e4   COMPRESSED   0x00000004   Data   RW         3366    .data               system_stm32f1xx.o
    0x200009e8   COMPRESSED   0x0000001c   Data   RW         3458    .data               usbd_desc.o
    0x20000a04   COMPRESSED   0x00000032   Data   RW         3459    .data               usbd_desc.o
    0x20000a36   COMPRESSED   0x00000002   PAD
    0x20000a38   COMPRESSED   0x00000010   Data   RW         3546    .data               usbd_cdc_if.o
    0x20000a48   COMPRESSED   0x00000001   Data   RW         3961    .data               usbd_ctlreq.o
    0x20000a49   COMPRESSED   0x00000003   PAD
    0x20000a4c   COMPRESSED   0x000000d7   Data   RW         4117    .data               usbd_cdc.o
    0x20000b23   COMPRESSED   0x00000001   PAD
    0x20000b24   COMPRESSED   0x00000038   Data   RW         4118    .data               usbd_cdc.o
    0x20000b5c        -       0x00000021   Zero   RW           21    .bss                main.o
    0x20000b7d   COMPRESSED   0x00000003   PAD
    0x20000b80        -       0x0000007c   Zero   RW           22    .bss                main.o
    0x20000bfc        -       0x00000032   Zero   RW           23    .bss                main.o
    0x20000c2e   COMPRESSED   0x00000002   PAD
    0x20000c30        -       0x00000048   Zero   RW           24    .bss                main.o
    0x20000c78        -       0x00000010   Zero   RW          416    .bss                flashprom.o
    0x20000c88        -       0x00000020   Zero   RW         1754    .bss                stm32f1xx_hal_flash.o
    0x20000ca8        -       0x000002c4   Zero   RW         3401    .bss                usb_device.o
    0x20000f6c        -       0x00000200   Zero   RW         3457    .bss                usbd_desc.o
    0x2000116c        -       0x000007d0   Zero   RW         3545    .bss                usbd_cdc_if.o
    0x2000193c        -       0x0000050c   Zero   RW         3629    .bss                usbd_conf.o
    0x20001e48        -       0x00000060   Zero   RW         4295    .bss                c_w.l(libspace.o)
    0x20001ea8        -       0x00000200   Zero   RW         3353    HEAP                startup_stm32f103xb.o
    0x200020a8        -       0x00000400   Zero   RW         3352    STACK               startup_stm32f103xb.o


==============================================================================

Image component sizes


      Code (inc. data)   RO Data    RW Data    ZI Data      Debug   Object Name

       568        142          0          0         16       3435   flashprom.o
      1354        160         28       2520        279     459068   main.o
       362         22          0          0          0       3229   max7219.o
        64         26        236          0       1536        792   startup_stm32f103xb.o
       192         28          0         12          0       7028   stm32f1xx_hal.o
       198         14          0          0          0      29019   stm32f1xx_hal_cortex.o
        82          0          0          0          0       2325   stm32f1xx_hal_crc.o
       152          4          0          0          0       1127   stm32f1xx_hal_dma.o
       404         52          0          0         32       5383   stm32f1xx_hal_flash.o
       240         26          0          0          0       3301   stm32f1xx_hal_flash_ex.o
       524         40          0          0          0       4174   stm32f1xx_hal_gpio.o
       188         22          0          0          0       1616   stm32f1xx_hal_msp.o
      2980          0          0          0          0      14093   stm32f1xx_hal_pcd.o
        60          0          0          0          0       1202   stm32f1xx_hal_pcd_ex.o
        32          6          0          0          0        605   stm32f1xx_hal_pwr.o
      1208         76          0          0          0       4126   stm32f1xx_hal_rcc.o
       236         12          0          0          0       1412   stm32f1xx_hal_rcc_ex.o
       420          4          0          0          0       3356   stm32f1xx_hal_spi.o
       366          0          0          0          0       4496   stm32f1xx_hal_tim.o
         4          0          0          0          0       1589   stm32f1xx_hal_tim_ex.o
       160         40          0          0          0       6870   stm32f1xx_it.o
      2758          0          0          0          0      16823   stm32f1xx_ll_usb.o
         2          0         16          4          0       1155   system_stm32f1xx.o
        84         18          0          0        708       2583   usb_device.o
       834         16          0        271          0      13470   usbd_cdc.o
       348         58          0         16       2000       4452   usbd_cdc_if.o
       662         36          0          0       1292      14713   usbd_conf.o
       710          0          0          0          0      10155   usbd_core.o
      1764         30          0          1          0      11516   usbd_ctlreq.o
       362        110          0         78        512       6817   usbd_desc.o
       132          0          0          0          0       4432   usbd_ioreq.o

    ----------------------------------------------------------------------
     17486        942        312       2908       6380     644362   Object Totals
         0          0         32          0          0          0   (incl. Generated)
        36          0          0          6          5          0   (incl. Padding)

    ----------------------------------------------------------------------

      Code (inc. data)   RO Data    RW Data    ZI Data      Debug   Library Member Name

       100          0          0          0          0          0   __dclz77c.o
         8          0          0          0          0         68   __main.o
       184          0          0          0          0         84   __printf_ss.o
         0          0          0          0          0          0   __rtentry.o
        12          0          0          0          0          0   __rtentry2.o
         6          0          0          0          0          0   __rtentry4.o
        52          8          0          0          0          0   __scatter.o
        28          0          0          0          0          0   __scatter_zi.o
        48          6          0          0          0         96   _printf_char_common.o
       120         16          0          0          0         92   _printf_dec.o
       178          0          0          0          0         88   _printf_intcommon.o
         0          0          0          0          0          0   _printf_percent.o
         4          0          0          0          0          0   _printf_percent_end.o
         6          0          0          0          0          0   _printf_u.o
        16          0          0          0          0         68   _snputc.o
        10          0          0          0          0         68   _sputc.o
        18          0          0          0          0         80   exit.o
         6          0          0          0          0        152   heapauxi.o
         0          0          0          0          0          0   indicate_semi.o
         2          0          0          0          0          0   libinit.o
         2          0          0          0          0          0   libinit2.o
         2          0          0          0          0          0   libshutdown.o
         2          0          0          0          0          0   libshutdown2.o
         8          4          0          0         96         68   libspace.o
        38          0          0          0          0         68   llushr.o
        52          4          0          0          0         84   noretval__2snprintf.o
        40          6          0          0          0         84   noretval__2sprintf.o
        68          0          0          0          0         68   rt_memclr.o
        78          0          0          0          0         80   rt_memclr_w.o
       100          0          0          0          0         80   rt_memcpy_w.o
         2          0          0          0          0          0   rtexit.o
        10          0          0          0          0          0   rtexit2.o
        62          0          0          0          0         76   strlen.o
        86          0          0          0          0         76   strncpy.o
        12          4          0          0          0         68   sys_exit.o
        74          0          0          0          0         80   sys_stackheap_outer.o
         2          0          0          0          0         68   use_no_semi.o

    ----------------------------------------------------------------------
      1442         48          0          0         96       1696   Library Totals
         6          0          0          0          0          0   (incl. Padding)

    ----------------------------------------------------------------------

      Code (inc. data)   RO Data    RW Data    ZI Data      Debug   Library Name

      1436         48          0          0         96       1696   c_w.l

    ----------------------------------------------------------------------
      1442         48          0          0         96       1696   Library Totals

    ----------------------------------------------------------------------

==============================================================================


      Code (inc. data)   RO Data    RW Data    ZI Data      Debug   

     18928        990        312       2908       6476     634926   Grand Totals
     18928        990        312       1188       6476     634926   ELF Image Totals (compressed)
     18928        990        312       1188          0          0   ROM Totals

==============================================================================

    Total RO  Size (Code + RO Data)                19240 (  18.79kB)
    Total RW  Size (RW Data + ZI Data)              9384 (   9.16kB)
    Total ROM Size (Code + RO Data + RW Data)      20428 (  19.95kB)

==============================================================================

